Component: ARM Compiler 5.06 update 6 (build 750) Tool: armlink [4d35ed]

==============================================================================

Section Cross References

    startup_stm32f030x8.o(STACK) refers (Special) to heapauxi.o(.text) for __use_two_region_memory
    startup_stm32f030x8.o(HEAP) refers (Special) to heapauxi.o(.text) for __use_two_region_memory
    startup_stm32f030x8.o(RESET) refers (Special) to heapauxi.o(.text) for __use_two_region_memory
    startup_stm32f030x8.o(RESET) refers to startup_stm32f030x8.o(STACK) for __initial_sp
    startup_stm32f030x8.o(RESET) refers to startup_stm32f030x8.o(.text) for Reset_Handler
    startup_stm32f030x8.o(RESET) refers to stm32f0xx_it.o(i.NMI_Handler) for NMI_Handler
    startup_stm32f030x8.o(RESET) refers to stm32f0xx_it.o(i.HardFault_Handler) for HardFault_Handler
    startup_stm32f030x8.o(RESET) refers to stm32f0xx_it.o(i.SVC_Handler) for SVC_Handler
    startup_stm32f030x8.o(RESET) refers to stm32f0xx_it.o(i.PendSV_Handler) for PendSV_Handler
    startup_stm32f030x8.o(RESET) refers to stm32f0xx_it.o(i.SysTick_Handler) for SysTick_Handler
    startup_stm32f030x8.o(RESET) refers to stm32f0xx_it.o(i.USART1_IRQHandler) for USART1_IRQHandler
    startup_stm32f030x8.o(RESET) refers to stm32f0xx_it.o(i.USART2_IRQHandler) for USART2_IRQHandler
    startup_stm32f030x8.o(.text) refers (Special) to heapauxi.o(.text) for __use_two_region_memory
    startup_stm32f030x8.o(.text) refers to system_stm32f0xx.o(i.SystemInit) for SystemInit
    startup_stm32f030x8.o(.text) refers to __main.o(!!!main) for __main
    startup_stm32f030x8.o(.text) refers to startup_stm32f030x8.o(HEAP) for Heap_Mem
    startup_stm32f030x8.o(.text) refers to startup_stm32f030x8.o(STACK) for Stack_Mem
    main.o(i.MX_GPIO_Init) refers to rt_memclr.o(.text) for __aeabi_memclr4
    main.o(i.MX_GPIO_Init) refers to stm32f0xx_hal_gpio.o(i.HAL_GPIO_WritePin) for HAL_GPIO_WritePin
    main.o(i.MX_GPIO_Init) refers to stm32f0xx_hal_gpio.o(i.HAL_GPIO_Init) for HAL_GPIO_Init
    main.o(i.MX_USART1_UART_Init) refers to stm32f0xx_hal_uart.o(i.HAL_UART_Init) for HAL_UART_Init
    main.o(i.MX_USART1_UART_Init) refers to main.o(.bss) for .bss
    main.o(i.MX_USART2_UART_Init) refers to stm32f0xx_hal_uart.o(i.HAL_UART_Init) for HAL_UART_Init
    main.o(i.MX_USART2_UART_Init) refers to main.o(.bss) for .bss
    main.o(i.SystemClock_Config) refers to rt_memclr.o(.text) for __aeabi_memclr4
    main.o(i.SystemClock_Config) refers to stm32f0xx_hal_rcc.o(i.HAL_RCC_OscConfig) for HAL_RCC_OscConfig
    main.o(i.SystemClock_Config) refers to stm32f0xx_hal_rcc.o(i.HAL_RCC_ClockConfig) for HAL_RCC_ClockConfig
    main.o(i.SystemClock_Config) refers to stm32f0xx_hal_rcc_ex.o(i.HAL_RCCEx_PeriphCLKConfig) for HAL_RCCEx_PeriphCLKConfig
    main.o(i.adcRead) refers to stm32f0xx_hal_gpio.o(i.HAL_GPIO_ReadPin) for HAL_GPIO_ReadPin
    main.o(i.adcRead) refers to stm32f0xx_hal_gpio.o(i.HAL_GPIO_WritePin) for HAL_GPIO_WritePin
    main.o(i.adcRead) refers to stm32f0xx_hal.o(i.HAL_Delay) for HAL_Delay
    main.o(i.adcRead) refers to main.o(.data) for .data
    main.o(i.main) refers to stm32f0xx_hal.o(i.HAL_Init) for HAL_Init
    main.o(i.main) refers to main.o(i.SystemClock_Config) for SystemClock_Config
    main.o(i.main) refers to main.o(i.MX_GPIO_Init) for MX_GPIO_Init
    main.o(i.main) refers to main.o(i.MX_USART1_UART_Init) for MX_USART1_UART_Init
    main.o(i.main) refers to main.o(i.MX_USART2_UART_Init) for MX_USART2_UART_Init
    main.o(i.main) refers to stm32f0xx_hal_uart.o(i.HAL_UART_Receive_IT) for HAL_UART_Receive_IT
    main.o(i.main) refers to stm32f0xx_hal_gpio.o(i.HAL_GPIO_WritePin) for HAL_GPIO_WritePin
    main.o(i.main) refers to stm32f0xx_hal.o(i.HAL_Delay) for HAL_Delay
    main.o(i.main) refers to masimo.o(i.initPacket) for initPacket
    main.o(i.main) refers to masimo.o(i.checkStatus) for checkStatus
    main.o(i.main) refers to masimo.o(i.requestBoardInfo) for requestBoardInfo
    main.o(i.main) refers to masimo.o(i.unlockBoard) for unlockBoard
    main.o(i.main) refers to masimo.o(i.programmingAck) for programmingAck
    main.o(i.main) refers to masimo.o(i.requestSpo2) for requestSpo2
    main.o(i.main) refers to masimo.o(i.requestPulseRate) for requestPulseRate
    main.o(i.main) refers to masimo.o(i.requestPerfusionIndex) for requestPerfusionIndex
    main.o(i.main) refers to main.o(i.adcRead) for adcRead
    main.o(i.main) refers to fflti.o(.text) for __aeabi_i2f
    main.o(i.main) refers to fdiv.o(.text) for __aeabi_fdiv
    main.o(i.main) refers to fmul.o(x$fpl$fmul) for __aeabi_fmul
    main.o(i.main) refers to ffixi.o(.text) for __aeabi_f2iz
    main.o(i.main) refers to dflti.o(.text) for __aeabi_i2d
    main.o(i.main) refers to log.o(i.log) for log
    main.o(i.main) refers to pow.o(i.pow) for pow
    main.o(i.main) refers to f2d.o(.text) for __aeabi_f2d
    main.o(i.main) refers to dmul.o(.text) for __aeabi_dmul
    main.o(i.main) refers to daddsub.o(.text) for __aeabi_dadd
[...]
    Removing stm32f0xx_hal_cortex.o(i.HAL_SYSTICK_Callback), (2 bytes).
    Removing stm32f0xx_hal_cortex.o(i.HAL_SYSTICK_IRQHandler), (8 bytes).
    Removing stm32f0xx_hal_pwr.o(.rev16_text), (4 bytes).
    Removing stm32f0xx_hal_pwr.o(.revsh_text), (4 bytes).
    Removing stm32f0xx_hal_pwr.o(i.HAL_PWR_DeInit), (24 bytes).
    Removing stm32f0xx_hal_pwr.o(i.HAL_PWR_DisableBkUpAccess), (16 bytes).
    Removing stm32f0xx_hal_pwr.o(i.HAL_PWR_DisableSEVOnPend), (16 bytes).
    Removing stm32f0xx_hal_pwr.o(i.HAL_PWR_DisableSleepOnExit), (16 bytes).
    Removing stm32f0xx_hal_pwr.o(i.HAL_PWR_DisableWakeUpPin), (16 bytes).
    Removing stm32f0xx_hal_pwr.o(i.HAL_PWR_EnableBkUpAccess), (16 bytes).
    Removing stm32f0xx_hal_pwr.o(i.HAL_PWR_EnableSEVOnPend), (16 bytes).
    Removing stm32f0xx_hal_pwr.o(i.HAL_PWR_EnableSleepOnExit), (16 bytes).
    Removing stm32f0xx_hal_pwr.o(i.HAL_PWR_EnableWakeUpPin), (16 bytes).
    Removing stm32f0xx_hal_pwr.o(i.HAL_PWR_EnterSLEEPMode), (32 bytes).
    Removing stm32f0xx_hal_pwr.o(i.HAL_PWR_EnterSTANDBYMode), (32 bytes).
    Removing stm32f0xx_hal_pwr.o(i.HAL_PWR_EnterSTOPMode), (52 bytes).
    Removing stm32f0xx_hal_pwr_ex.o(.rev16_text), (4 bytes).
    Removing stm32f0xx_hal_pwr_ex.o(.revsh_text), (4 bytes).
    Removing stm32f0xx_hal_flash.o(.rev16_text), (4 bytes).
    Removing stm32f0xx_hal_flash.o(.revsh_text), (4 bytes).
    Removing stm32f0xx_hal_flash.o(i.FLASH_Program_HalfWord), (32 bytes).
    Removing stm32f0xx_hal_flash.o(i.FLASH_SetErrorCode), (56 bytes).
    Removing stm32f0xx_hal_flash.o(i.FLASH_WaitForLastOperation), (80 bytes).
    Removing stm32f0xx_hal_flash.o(i.HAL_FLASH_EndOfOperationCallback), (2 bytes).
    Removing stm32f0xx_hal_flash.o(i.HAL_FLASH_GetError), (12 bytes).
    Removing stm32f0xx_hal_flash.o(i.HAL_FLASH_IRQHandler), (268 bytes).
    Removing stm32f0xx_hal_flash.o(i.HAL_FLASH_Lock), (20 bytes).
    Removing stm32f0xx_hal_flash.o(i.HAL_FLASH_OB_Launch), (32 bytes).
    Removing stm32f0xx_hal_flash.o(i.HAL_FLASH_OB_Lock), (20 bytes).
    Removing stm32f0xx_hal_flash.o(i.HAL_FLASH_OB_Unlock), (36 bytes).
    Removing stm32f0xx_hal_flash.o(i.HAL_FLASH_OperationErrorCallback), (2 bytes).
    Removing stm32f0xx_hal_flash.o(i.HAL_FLASH_Program), (124 bytes).
    Removing stm32f0xx_hal_flash.o(i.HAL_FLASH_Program_IT), (100 bytes).
    Removing stm32f0xx_hal_flash.o(i.HAL_FLASH_Unlock), (40 bytes).
    Removing stm32f0xx_hal_flash.o(.bss), (32 bytes).
    Removing stm32f0xx_hal_flash_ex.o(.rev16_text), (4 bytes).
    Removing stm32f0xx_hal_flash_ex.o(.revsh_text), (4 bytes).
    Removing stm32f0xx_hal_flash_ex.o(i.FLASH_MassErase), (36 bytes).
    Removing stm32f0xx_hal_flash_ex.o(i.FLASH_OB_DisableWRP), (108 bytes).
    Removing stm32f0xx_hal_flash_ex.o(i.FLASH_OB_EnableWRP), (108 bytes).
    Removing stm32f0xx_hal_flash_ex.o(i.FLASH_OB_GetRDP), (32 bytes).
    Removing stm32f0xx_hal_flash_ex.o(i.FLASH_OB_RDP_LevelConfig), (96 bytes).
    Removing stm32f0xx_hal_flash_ex.o(i.FLASH_PageErase), (36 bytes).
    Removing stm32f0xx_hal_flash_ex.o(i.HAL_FLASHEx_Erase), (160 bytes).
    Removing stm32f0xx_hal_flash_ex.o(i.HAL_FLASHEx_Erase_IT), (88 bytes).
    Removing stm32f0xx_hal_flash_ex.o(i.HAL_FLASHEx_OBErase), (80 bytes).
    Removing stm32f0xx_hal_flash_ex.o(i.HAL_FLASHEx_OBGetConfig), (36 bytes).
    Removing stm32f0xx_hal_flash_ex.o(i.HAL_FLASHEx_OBGetUserData), (28 bytes).
    Removing stm32f0xx_hal_flash_ex.o(i.HAL_FLASHEx_OBProgram), (204 bytes).
    Removing system_stm32f0xx.o(.rev16_text), (4 bytes).
    Removing system_stm32f0xx.o(.revsh_text), (4 bytes).
    Removing system_stm32f0xx.o(i.SystemCoreClockUpdate), (108 bytes).

258 unused section(s) (total 15985 bytes) removed from the image.

==============================================================================

Image Symbol Table

    Local Symbols

    Symbol Name                              Value     Ov Type        Size  Object(Section)

    ../Drivers/STM32F0xx_HAL_Driver/Src/stm32f0xx_hal.c 0x00000000   Number         0  stm32f0xx_hal.o ABSOLUTE
    ../Drivers/STM32F0xx_HAL_Driver/Src/stm32f0xx_hal_cortex.c 0x00000000   Number         0  stm32f0xx_hal_cortex.o ABSOLUTE
    ../Drivers/STM32F0xx_HAL_Driver/Src/stm32f0xx_hal_dma.c 0x00000000   Number         0  stm32f0xx_hal_dma.o ABSOLUTE
    ../Drivers/STM32F0xx_HAL_Driver/Src/stm32f0xx_hal_flash.c 0x00000000   Number         0  stm32f0xx_hal_flash.o ABSOLUTE
    ../Drivers/STM32F0xx_HAL_Driver/Src/stm32f0xx_hal_flash_ex.c 0x00000000   Number         0  stm32f0xx_hal_flash_ex.o ABSOLUTE
    ../Drivers/STM32F0xx_HAL_Driver/Src/stm32f0xx_hal_gpio.c 0x00000000   Number         0  stm32f0xx_hal_gpio.o ABSOLUTE
    ../Drivers/STM32F0xx_HAL_Driver/Src/stm32f0xx_hal_i2c.c 0x00000000   Number         0  stm32f0xx_hal_i2c.o ABSOLUTE
    ../Drivers/STM32F0xx_HAL_Driver/Src/stm32f0xx_hal_i2c_ex.c 0x00000000   Number         0  stm32f0xx_hal_i2c_ex.o ABSOLUTE
    ../Drivers/STM32F0xx_HAL_Driver/Src/stm32f0xx_hal_pwr.c 0x00000000   Number         0  stm32f0xx_hal_pwr.o ABSOLUTE
    ../Drivers/STM32F0xx_HAL_Driver/Src/stm32f0xx_hal_pwr_ex.c 0x00000000   Number         0  stm32f0xx_hal_pwr_ex.o ABSOLUTE
    ../Drivers/STM32F0xx_HAL_Driver/Src/stm32f0xx_hal_rcc.c 0x00000000   Number         0  stm32f0xx_hal_rcc.o ABSOLUTE
    ../Drivers/STM32F0xx_HAL_Driver/Src/stm32f0xx_hal_rcc_ex.c 0x00000000   Number         0  stm32f0xx_hal_rcc_ex.o ABSOLUTE
    ../Drivers/STM32F0xx_HAL_Driver/Src/stm32f0xx_hal_tim.c 0x00000000   Number         0  stm32f0xx_hal_tim.o ABSOLUTE
    ../Drivers/STM32F0xx_HAL_Driver/Src/stm32f0xx_hal_tim_ex.c 0x00000000   Number         0  stm32f0xx_hal_tim_ex.o ABSOLUTE
    ../Drivers/STM32F0xx_HAL_Driver/Src/stm32f0xx_hal_uart.c 0x00000000   Number         0  stm32f0xx_hal_uart.o ABSOLUTE
    ../Drivers/STM32F0xx_HAL_Driver/Src/stm32f0xx_hal_uart_ex.c 0x00000000   Number         0  stm32f0xx_hal_uart_ex.o ABSOLUTE
    ../Src/main.c                            0x00000000   Number         0  main.o ABSOLUTE
    ../Src/stm32f0xx_hal_msp.c               0x00000000   Number         0  stm32f0xx_hal_msp.o ABSOLUTE
    ../Src/stm32f0xx_it.c                    0x00000000   Number         0  stm32f0xx_it.o ABSOLUTE
    ../Src/system_stm32f0xx.c                0x00000000   Number         0  system_stm32f0xx.o ABSOLUTE
    ../clib/angel/boardlib.s                 0x00000000   Number         0  boardinit2.o ABSOLUTE
    ../clib/angel/boardlib.s                 0x00000000   Number         0  boardinit3.o ABSOLUTE
    ../clib/angel/boardlib.s                 0x00000000   Number         0  boardinit1.o ABSOLUTE
    ../clib/angel/boardlib.s                 0x00000000   Number         0  boardshut.o ABSOLUTE
    ../clib/angel/handlers.s                 0x00000000   Number         0  __scatter_copy.o ABSOLUTE
    ../clib/angel/handlers.s                 0x00000000   Number         0  __scatter_zi.o ABSOLUTE
    ../clib/angel/kernel.s                   0x00000000   Number         0  rtexit.o ABSOLUTE
    ../clib/angel/kernel.s                   0x00000000   Number         0  __rtentry4.o ABSOLUTE
    ../clib/angel/kernel.s                   0x00000000   Number         0  __rtentry2.o ABSOLUTE
    ../clib/angel/kernel.s                   0x00000000   Number         0  rtexit2.o ABSOLUTE
    ../clib/angel/kernel.s                   0x00000000   Number         0  __rtentry.o ABSOLUTE
    ../clib/angel/rt.s                       0x00000000   Number         0  rt_div0.o ABSOLUTE
    ../clib/angel/rt.s                       0x00000000   Number         0  rt_raise.o ABSOLUTE
    ../clib/angel/rt.s                       0x00000000   Number         0  aeabi_idiv0.o ABSOLUTE
    ../clib/angel/rt.s                       0x00000000   Number         0  aeabi_idiv0_sigfpe.o ABSOLUTE
    ../clib/angel/rt.s                       0x00000000   Number         0  rt_errno_addr_intlibspace.o ABSOLUTE
    ../clib/angel/rt.s                       0x00000000   Number         0  rt_errno_addr.o ABSOLUTE
    ../clib/angel/scatterp.s                 0x00000000   Number         0  __scatter.o ABSOLUTE
    ../clib/angel/startup.s                  0x00000000   Number         0  __main.o ABSOLUTE
    ../clib/angel/sys.s                      0x00000000   Number         0  libspace.o ABSOLUTE
    ../clib/angel/sys.s                      0x00000000   Number         0  use_no_semi.o ABSOLUTE
    ../clib/angel/sys.s                      0x00000000   Number         0  indicate_semi.o ABSOLUTE
    ../clib/angel/sys.s                      0x00000000   Number         0  tempstk.o ABSOLUTE
    ../clib/angel/sys.s                      0x00000000   Number         0  sys_stackheap_outer.o ABSOLUTE
    ../clib/angel/sysapp.c                   0x00000000   Number         0  sys_command.o ABSOLUTE
    ../clib/angel/sysapp.c                   0x00000000   Number         0  sys_wrch.o ABSOLUTE
    ../clib/angel/sysapp.c                   0x00000000   Number         0  sys_exit.o ABSOLUTE
    ../clib/armsys.c                         0x00000000   Number         0  argv_veneer.o ABSOLUTE
    ../clib/armsys.c                         0x00000000   Number         0  _get_argv_nomalloc.o ABSOLUTE
    ../clib/armsys.c                         0x00000000   Number         0  no_argv.o ABSOLUTE
    ../clib/division.s                       0x00000000   Number         0  aeabi_sdiv.o ABSOLUTE
    ../clib/division.s                       0x00000000   Number         0  aeabi_sdiv_div0.o ABSOLUTE
    ../clib/fenv.c                           0x00000000   Number         0  _rserrno.o ABSOLUTE
    ../clib/heapalloc.c                      0x00000000   Number         0  hrguard.o ABSOLUTE
    ../clib/heapaux.c                        0x00000000   Number         0  heapauxi.o ABSOLUTE
    ../clib/libinit.s                        0x00000000   Number         0  libshutdown2.o ABSOLUTE
    ../clib/libinit.s                        0x00000000   Number         0  libinit.o ABSOLUTE
    ../clib/libinit.s                        0x00000000   Number         0  libshutdown.o ABSOLUTE
    ../clib/libinit.s                        0x00000000   Number         0  libinit2.o ABSOLUTE
    ../clib/longlong.c                       0x00000000   Number         0  llushr.o ABSOLUTE
    ../clib/memcpset.c                       0x00000000   Number         0  rt_memclr.o ABSOLUTE
    ../clib/signal.c                         0x00000000   Number         0  defsig_rtmem_formal.o ABSOLUTE
    ../clib/signal.c                         0x00000000   Number         0  defsig_rtmem_outer.o ABSOLUTE
    ../clib/signal.c                         0x00000000   Number         0  defsig_rtmem_inner.o ABSOLUTE
    ../clib/signal.c                         0x00000000   Number         0  __raise.o ABSOLUTE
    ../clib/signal.c                         0x00000000   Number         0  defsig_fpe_formal.o ABSOLUTE
    ../clib/signal.c                         0x00000000   Number         0  defsig_abrt_inner.o ABSOLUTE
    ../clib/signal.c                         0x00000000   Number         0  defsig_general.o ABSOLUTE
    ../clib/signal.c                         0x00000000   Number         0  defsig_other.o ABSOLUTE
    ../clib/signal.c                         0x00000000   Number         0  defsig_segv_inner.o ABSOLUTE
    ../clib/signal.c                         0x00000000   Number         0  defsig_rtred_inner.o ABSOLUTE
    ../clib/signal.c                         0x00000000   Number         0  defsig_cppl_inner.o ABSOLUTE
    ../clib/signal.c                         0x00000000   Number         0  defsig_fpe_inner.o ABSOLUTE
    ../clib/signal.c                         0x00000000   Number         0  defsig_exit.o ABSOLUTE
    ../clib/signal.c                         0x00000000   Number         0  defsig_pvfn_inner.o ABSOLUTE
    ../clib/signal.c                         0x00000000   Number         0  defsig_stak_inner.o ABSOLUTE
    ../clib/signal.c                         0x00000000   Number         0  defsig_fpe_outer.o ABSOLUTE
    ../clib/signal.s                         0x00000000   Number         0  defsig.o ABSOLUTE
    ../clib/stdlib.c                         0x00000000   Number         0  exit.o ABSOLUTE
    ../fplib/cfplib/cmpret.c                 0x00000000   Number         0  cmpret.o ABSOLUTE
    ../fplib/cfplib/d2f.c                    0x00000000   Number         0  d2f.o ABSOLUTE
    ../fplib/cfplib/daddsub.c                0x00000000   Number         0  daddsub.o ABSOLUTE
    ../fplib/cfplib/dcmpin.c                 0x00000000   Number         0  dcmpin.o ABSOLUTE
    ../fplib/cfplib/ddiv.c                   0x00000000   Number         0  ddiv.o ABSOLUTE
    ../fplib/cfplib/dmul.c                   0x00000000   Number         0  dmul.o ABSOLUTE
    ../fplib/cfplib/dsqrt.c                  0x00000000   Number         0  dsqrt.o ABSOLUTE
    ../fplib/cfplib/f2d.c                    0x00000000   Number         0  f2d.o ABSOLUTE
    ../fplib/cfplib/fdiv.c                   0x00000000   Number         0  fdiv.o ABSOLUTE
    ../fplib/cfplib/ffix.c                   0x00000000   Number         0  ffixi.o ABSOLUTE
    ../fplib/cfplib/ffix.c                   0x00000000   Number         0  ffixui.o ABSOLUTE
    ../fplib/cfplib/fflt.c                   0x00000000   Number         0  dflti.o ABSOLUTE
    ../fplib/cfplib/fflt.c                   0x00000000   Number         0  fflti.o ABSOLUTE
    ../fplib/cfplib/fpinit.c                 0x00000000   Number         0  fpinit.o ABSOLUTE
    ../fplib/cfplib/nan2.c                   0x00000000   Number         0  dnan2.o ABSOLUTE
    ../fplib/cfplib/retnan.c                 0x00000000   Number         0  retnan.o ABSOLUTE
    ../fplib/cfplib/scalbn.c                 0x00000000   Number         0  dscalbn.o ABSOLUTE
    ../fplib/deqf6m.s                        0x00000000   Number         0  deqf.o ABSOLUTE
    ../fplib/dleqf6m.s                       0x00000000   Number         0  dlef.o ABSOLUTE
    ../fplib/drleqf6m.s                      0x00000000   Number         0  drlef.o ABSOLUTE
    ../fplib/fmul6m.s                        0x00000000   Number         0  fmul.o ABSOLUTE
    ../fplib/usenofp.s                       0x00000000   Number         0  usenofp.o ABSOLUTE
    ../mathlib/dunder.c                      0x00000000   Number         0  dunder.o ABSOLUTE
    ../mathlib/fpclassify.c                  0x00000000   Number         0  fpclassify.o ABSOLUTE
    ../mathlib/log.c                         0x00000000   Number         0  log.o ABSOLUTE
    ../mathlib/log.c                         0x00000000   Number         0  log_x.o ABSOLUTE
    ../mathlib/poly.c                        0x00000000   Number         0  poly.o ABSOLUTE
    ../mathlib/pow.c                         0x00000000   Number         0  pow_x.o ABSOLUTE
    ../mathlib/pow.c                         0x00000000   Number         0  pow.o ABSOLUTE
    ../mathlib/qnan.c                        0x00000000   Number         0  qnan.o ABSOLUTE
    ../mathlib/sqrt.c                        0x00000000   Number         0  sqrt_x.o ABSOLUTE
    ../mathlib/sqrt.c                        0x00000000   Number         0  sqrt.o ABSOLUTE
    ..\Drivers\STM32F0xx_HAL_Driver\Src\stm32f0xx_hal.c 0x00000000   Number         0  stm32f0xx_hal.o ABSOLUTE
    ..\Drivers\STM32F0xx_HAL_Driver\Src\stm32f0xx_hal_cortex.c 0x00000000   Number         0  stm32f0xx_hal_cortex.o ABSOLUTE
    ..\Drivers\STM32F0xx_HAL_Driver\Src\stm32f0xx_hal_dma.c 0x00000000   Number         0  stm32f0xx_hal_dma.o ABSOLUTE
    ..\Drivers\STM32F0xx_HAL_Driver\Src\stm32f0xx_hal_flash.c 0x00000000   Number         0  stm32f0xx_hal_flash.o ABSOLUTE
    ..\Drivers\STM32F0xx_HAL_Driver\Src\stm32f0xx_hal_flash_ex.c 0x00000000   Number         0  stm32f0xx_hal_flash_ex.o ABSOLUTE
    ..\Drivers\STM32F0xx_HAL_Driver\Src\stm32f0xx_hal_gpio.c 0x00000000   Number         0  stm32f0xx_hal_gpio.o ABSOLUTE
    ..\Drivers\STM32F0xx_HAL_Driver\Src\stm32f0xx_hal_i2c.c 0x00000000   Number         0  stm32f0xx_hal_i2c.o ABSOLUTE
    ..\Drivers\STM32F0xx_HAL_Driver\Src\stm32f0xx_hal_i2c_ex.c 0x00000000   Number         0  stm32f0xx_hal_i2c_ex.o ABSOLUTE
    ..\Drivers\STM32F0xx_HAL_Driver\Src\stm32f0xx_hal_pwr.c 0x00000000   Number         0  stm32f0xx_hal_pwr.o ABSOLUTE
    ..\Drivers\STM32F0xx_HAL_Driver\Src\stm32f0xx_hal_pwr_ex.c 0x00000000   Number         0  stm32f0xx_hal_pwr_ex.o ABSOLUTE
    ..\Drivers\STM32F0xx_HAL_Driver\Src\stm32f0xx_hal_rcc.c 0x00000000   Number         0  stm32f0xx_hal_rcc.o ABSOLUTE
    ..\Drivers\STM32F0xx_HAL_Driver\Src\stm32f0xx_hal_rcc_ex.c 0x00000000   Number         0  stm32f0xx_hal_rcc_ex.o ABSOLUTE
    ..\Drivers\STM32F0xx_HAL_Driver\Src\stm32f0xx_hal_tim.c 0x00000000   Number         0  stm32f0xx_hal_tim.o ABSOLUTE
    ..\Drivers\STM32F0xx_HAL_Driver\Src\stm32f0xx_hal_tim_ex.c 0x00000000   Number         0  stm32f0xx_hal_tim_ex.o ABSOLUTE
    ..\Drivers\STM32F0xx_HAL_Driver\Src\stm32f0xx_hal_uart.c 0x00000000   Number         0  stm32f0xx_hal_uart.o ABSOLUTE
    ..\Drivers\STM32F0xx_HAL_Driver\Src\stm32f0xx_hal_uart_ex.c 0x00000000   Number         0  stm32f0xx_hal_uart_ex.o ABSOLUTE
    ..\Src\main.c                            0x00000000   Number         0  main.o ABSOLUTE
    ..\Src\stm32f0xx_hal_msp.c               0x00000000   Number         0  stm32f0xx_hal_msp.o ABSOLUTE
    ..\Src\stm32f0xx_it.c                    0x00000000   Number         0  stm32f0xx_it.o ABSOLUTE
    ..\Src\system_stm32f0xx.c                0x00000000   Number         0  system_stm32f0xx.o ABSOLUTE
    ..\\masimo.c                             0x00000000   Number         0  masimo.o ABSOLUTE
    ..\masimo.c                              0x00000000   Number         0  masimo.o ABSOLUTE
    dc.s                                     0x00000000   Number         0  dc.o ABSOLUTE
    startup_stm32f030x8.s                    0x00000000   Number         0  startup_stm32f030x8.o ABSOLUTE
    RESET                                    0x08000000   Section      180  startup_stm32f030x8.o(RESET)
    !!!main                                  0x080000b4   Section        8  __main.o(!!!main)
    !!!scatter                               0x080000bc   Section       60  __scatter.o(!!!scatter)
    !!handler_copy                           0x080000f8   Section       26  __scatter_copy.o(!!handler_copy)
    !!handler_zi                             0x08000114   Section       28  __scatter_zi.o(!!handler_zi)
    .ARM.Collect$$libinit$$00000000          0x08000130   Section        2  libinit.o(.ARM.Collect$$libinit$$00000000)
    .ARM.Collect$$libinit$$00000002          0x08000132   Section        0  libinit2.o(.ARM.Collect$$libinit$$00000002)
    .ARM.Collect$$libinit$$00000004          0x08000132   Section        0  libinit2.o(.ARM.Collect$$libinit$$00000004)
    .ARM.Collect$$libinit$$0000000A          0x08000132   Section        0  libinit2.o(.ARM.Collect$$libinit$$0000000A)
    .ARM.Collect$$libinit$$0000000C          0x08000132   Section        0  libinit2.o(.ARM.Collect$$libinit$$0000000C)
    .ARM.Collect$$libinit$$0000000E          0x08000132   Section        0  libinit2.o(.ARM.Collect$$libinit$$0000000E)
    .ARM.Collect$$libinit$$00000011          0x08000132   Section        0  libinit2.o(.ARM.Collect$$libinit$$00000011)
    .ARM.Collect$$libinit$$00000013          0x08000132   Section        0  libinit2.o(.ARM.Collect$$libinit$$00000013)
    .ARM.Collect$$libinit$$00000015          0x08000132   Section        0  libinit2.o(.ARM.Collect$$libinit$$00000015)
    .ARM.Collect$$libinit$$00000017          0x08000132   Section        0  libinit2.o(.ARM.Collect$$libinit$$00000017)
    .ARM.Collect$$libinit$$00000019          0x08000132   Section        0  libinit2.o(.ARM.Collect$$libinit$$00000019)
    .ARM.Collect$$libinit$$0000001B          0x08000132   Section        0  libinit2.o(.ARM.Collect$$libinit$$0000001B)
    .ARM.Collect$$libinit$$0000001D          0x08000132   Section        0  libinit2.o(.ARM.Collect$$libinit$$0000001D)
    .ARM.Collect$$libinit$$0000001F          0x08000132   Section        0  libinit2.o(.ARM.Collect$$libinit$$0000001F)
    .ARM.Collect$$libinit$$00000021          0x08000132   Section        0  libinit2.o(.ARM.Collect$$libinit$$00000021)
    .ARM.Collect$$libinit$$00000023          0x08000132   Section        0  libinit2.o(.ARM.Collect$$libinit$$00000023)
    .ARM.Collect$$libinit$$00000025          0x08000132   Section        0  libinit2.o(.ARM.Collect$$libinit$$00000025)
    .ARM.Collect$$libinit$$0000002C          0x08000132   Section        0  libinit2.o(.ARM.Collect$$libinit$$0000002C)
    .ARM.Collect$$libinit$$0000002E          0x08000132   Section        0  libinit2.o(.ARM.Collect$$libinit$$0000002E)
    .ARM.Collect$$libinit$$00000030          0x08000132   Section        0  libinit2.o(.ARM.Collect$$libinit$$00000030)
    .ARM.Collect$$libinit$$00000032          0x08000132   Section        0  libinit2.o(.ARM.Collect$$libinit$$00000032)
    .ARM.Collect$$libinit$$00000033          0x08000132   Section        2  libinit2.o(.ARM.Collect$$libinit$$00000033)
    .ARM.Collect$$libshutdown$$00000000      0x08000134   Section        2  libshutdown.o(.ARM.Collect$$libshutdown$$00000000)
    .ARM.Collect$$libshutdown$$00000002      0x08000136   Section        0  libshutdown2.o(.ARM.Collect$$libshutdown$$00000002)
    .ARM.Collect$$libshutdown$$00000004      0x08000136   Section        0  libshutdown2.o(.ARM.Collect$$libshutdown$$00000004)
    .ARM.Collect$$libshutdown$$00000007      0x08000136   Section        0  libshutdown2.o(.ARM.Collect$$libshutdown$$00000007)
    .ARM.Collect$$libshutdown$$0000000A      0x08000136   Section        0  libshutdown2.o(.ARM.Collect$$libshutdown$$0000000A)
    .ARM.Collect$$libshutdown$$0000000C      0x08000136   Section        0  libshutdown2.o(.ARM.Collect$$libshutdown$$0000000C)
    .ARM.Collect$$libshutdown$$0000000F      0x08000136   Section        0  libshutdown2.o(.ARM.Collect$$libshutdown$$0000000F)
    .ARM.Collect$$libshutdown$$00000010      0x08000136   Section        2  libshutdown2.o(.ARM.Collect$$libshutdown$$00000010)
    .ARM.Collect$$rtentry$$00000000          0x08000138   Section        0  __rtentry.o(.ARM.Collect$$rtentry$$00000000)
    .ARM.Collect$$rtentry$$00000002          0x08000138   Section        0  __rtentry2.o(.ARM.Collect$$rtentry$$00000002)
    .ARM.Collect$$rtentry$$00000004          0x08000138   Section        6  __rtentry4.o(.ARM.Collect$$rtentry$$00000004)
    .ARM.Collect$$rtentry$$00000009          0x0800013e   Section        0  __rtentry2.o(.ARM.Collect$$rtentry$$00000009)
    .ARM.Collect$$rtentry$$0000000A          0x0800013e   Section        4  __rtentry2.o(.ARM.Collect$$rtentry$$0000000A)
    .ARM.Collect$$rtentry$$0000000C          0x08000142   Section        0  __rtentry2.o(.ARM.Collect$$rtentry$$0000000C)
    .ARM.Collect$$rtentry$$0000000D          0x08000142   Section        8  __rtentry2.o(.ARM.Collect$$rtentry$$0000000D)
    .ARM.Collect$$rtexit$$00000000           0x0800014a   Section        2  rtexit.o(.ARM.Collect$$rtexit$$00000000)
    .ARM.Collect$$rtexit$$00000002           0x0800014c   Section        0  rtexit2.o(.ARM.Collect$$rtexit$$00000002)
    .ARM.Collect$$rtexit$$00000003           0x0800014c   Section        4  rtexit2.o(.ARM.Collect$$rtexit$$00000003)
    .ARM.Collect$$rtexit$$00000004           0x08000150   Section        6  rtexit2.o(.ARM.Collect$$rtexit$$00000004)
    .text                                    0x08000158   Section       56  startup_stm32f030x8.o(.text)
    .text                                    0x08000190   Section        0  rt_memclr.o(.text)
    .text                                    0x080001d0   Section      346  aeabi_sdiv.o(.text)
    .text                                    0x0800032a   Section        0  heapauxi.o(.text)
    .text                                    0x08000330   Section        0  d2f.o(.text)
    .text                                    0x080003ac   Section        0  daddsub.o(.text)
    _dadd1                                   0x080003ad   Thumb Code   290  daddsub.o(.text)
    _dsub1                                   0x080004cf   Thumb Code   470  daddsub.o(.text)
    .text                                    0x08000704   Section        0  ddiv.o(.text)
    .text                                    0x08000b4c   Section        0  dflti.o(.text)
    .text                                    0x08000ba4   Section        0  dmul.o(.text)
    .text                                    0x08000dec   Section        0  f2d.o(.text)
    .text                                    0x08000e40   Section        0  fdiv.o(.text)
    .text                                    0x08000fa0   Section        0  ffixi.o(.text)
    .text                                    0x08000fec   Section        0  ffixui.o(.text)
    .text                                    0x0800101c   Section        0  fflti.o(.text)
    .text                                    0x0800107a   Section        0  _rserrno.o(.text)
    .text                                    0x08001090   Section        0  dscalbn.o(.text)
    .text                                    0x080010f0   Section        8  rt_errno_addr_intlibspace.o(.text)
    .text                                    0x080010f8   Section        0  dcmpin.o(.text)
    .text                                    0x08001188   Section        0  dsqrt.o(.text)
    .text                                    0x08001288   Section        8  libspace.o(.text)
    .text                                    0x08001290   Section       62  sys_stackheap_outer.o(.text)
    .text                                    0x080012ce   Section        0  exit.o(.text)
    .text                                    0x080012de   Section        0  cmpret.o(.text)
    .text                                    0x0800130c   Section        0  dnan2.o(.text)
    .text                                    0x08001320   Section        0  retnan.o(.text)
    .text                                    0x08001380   Section        0  sys_exit.o(.text)
    .text                                    0x0800138c   Section        2  use_no_semi.o(.text)
    .text                                    0x0800138e   Section        0  indicate_semi.o(.text)
    i.HAL_DMA_Abort_IT                       0x0800138e   Section        0  stm32f0xx_hal_dma.o(i.HAL_DMA_Abort_IT)
    i.HAL_Delay                              0x080013d6   Section        0  stm32f0xx_hal.o(i.HAL_Delay)
    i.HAL_GPIO_Init                          0x080013f4   Section        0  stm32f0xx_hal_gpio.o(i.HAL_GPIO_Init)
    i.HAL_GPIO_ReadPin                       0x0800153c   Section        0  stm32f0xx_hal_gpio.o(i.HAL_GPIO_ReadPin)
    i.HAL_GPIO_WritePin                      0x08001546   Section        0  stm32f0xx_hal_gpio.o(i.HAL_GPIO_WritePin)
    i.HAL_GetTick                            0x08001554   Section        0  stm32f0xx_hal.o(i.HAL_GetTick)
    i.HAL_IncTick                            0x08001560   Section        0  stm32f0xx_hal.o(i.HAL_IncTick)
    i.HAL_Init                               0x08001570   Section        0  stm32f0xx_hal.o(i.HAL_Init)
    i.HAL_InitTick                           0x08001590   Section        0  stm32f0xx_hal.o(i.HAL_InitTick)
    i.HAL_MspInit                            0x080015b4   Section        0  stm32f0xx_hal_msp.o(i.HAL_MspInit)
    i.HAL_NVIC_EnableIRQ                     0x080015dc   Section        0  stm32f0xx_hal_cortex.o(i.HAL_NVIC_EnableIRQ)
    i.HAL_NVIC_SetPriority                   0x080015f0   Section        0  stm32f0xx_hal_cortex.o(i.HAL_NVIC_SetPriority)
    i.HAL_RCCEx_PeriphCLKConfig              0x080015f8   Section        0  stm32f0xx_hal_rcc_ex.o(i.HAL_RCCEx_PeriphCLKConfig)
    i.HAL_RCC_ClockConfig                    0x080016e0   Section        0  stm32f0xx_hal_rcc.o(i.HAL_RCC_ClockConfig)
    i.HAL_RCC_GetHCLKFreq                    0x0800180c   Section        0  stm32f0xx_hal_rcc.o(i.HAL_RCC_GetHCLKFreq)
    i.HAL_RCC_GetPCLK1Freq                   0x08001818   Section        0  stm32f0xx_hal_rcc.o(i.HAL_RCC_GetPCLK1Freq)
    i.HAL_RCC_GetSysClockFreq                0x08001838   Section        0  stm32f0xx_hal_rcc.o(i.HAL_RCC_GetSysClockFreq)
    i.HAL_RCC_OscConfig                      0x080018b0   Section        0  stm32f0xx_hal_rcc.o(i.HAL_RCC_OscConfig)
    i.HAL_SYSTICK_Config                     0x08001c04   Section        0  stm32f0xx_hal_cortex.o(i.HAL_SYSTICK_Config)
    i.HAL_UART_ErrorCallback                 0x08001c34   Section        0  stm32f0xx_hal_uart.o(i.HAL_UART_ErrorCallback)
    i.HAL_UART_IRQHandler                    0x08001c38   Section        0  stm32f0xx_hal_uart.o(i.HAL_UART_IRQHandler)
    i.HAL_UART_Init                          0x08001d4c   Section        0  stm32f0xx_hal_uart.o(i.HAL_UART_Init)
    i.HAL_UART_MspInit                       0x08001db8   Section        0  stm32f0xx_hal_msp.o(i.HAL_UART_MspInit)
    i.HAL_UART_Receive_IT                    0x08001e6c   Section        0  stm32f0xx_hal_uart.o(i.HAL_UART_Receive_IT)
    i.HAL_UART_RxCpltCallback                0x08001ef4   Section        0  masimo.o(i.HAL_UART_RxCpltCallback)
    i.HAL_UART_Transmit                      0x08001ff4   Section        0  stm32f0xx_hal_uart.o(i.HAL_UART_Transmit)
    i.HAL_UART_TxCpltCallback                0x080020bc   Section        0  stm32f0xx_hal_uart.o(i.HAL_UART_TxCpltCallback)
    i.HardFault_Handler                      0x080020be   Section        0  stm32f0xx_it.o(i.HardFault_Handler)
    i.MX_GPIO_Init                           0x080020c0   Section        0  main.o(i.MX_GPIO_Init)
    MX_GPIO_Init                             0x080020c1   Thumb Code   144  main.o(i.MX_GPIO_Init)
    i.MX_USART1_UART_Init                    0x08002158   Section        0  main.o(i.MX_USART1_UART_Init)
    MX_USART1_UART_Init                      0x08002159   Thumb Code    40  main.o(i.MX_USART1_UART_Init)
    i.MX_USART2_UART_Init                    0x08002188   Section        0  main.o(i.MX_USART2_UART_Init)
    MX_USART2_UART_Init                      0x08002189   Thumb Code    40  main.o(i.MX_USART2_UART_Init)
    i.NMI_Handler                            0x080021b8   Section        0  stm32f0xx_it.o(i.NMI_Handler)
    i.NVIC_SetPriority                       0x080021bc   Section        0  stm32f0xx_hal_cortex.o(i.NVIC_SetPriority)
    NVIC_SetPriority                         0x080021bd   Thumb Code    60  stm32f0xx_hal_cortex.o(i.NVIC_SetPriority)
    i.PendSV_Handler                         0x08002200   Section        0  stm32f0xx_it.o(i.PendSV_Handler)
    i.SVC_Handler                            0x08002202   Section        0  stm32f0xx_it.o(i.SVC_Handler)
    i.SysTick_Handler                        0x08002204   Section        0  stm32f0xx_it.o(i.SysTick_Handler)
    i.SystemClock_Config                     0x0800220c   Section        0  main.o(i.SystemClock_Config)
    i.SystemInit                             0x08002260   Section        0  system_stm32f0xx.o(i.SystemInit)
    i.UART_AdvFeatureConfig                  0x080022bc   Section        0  stm32f0xx_hal_uart.o(i.UART_AdvFeatureConfig)
    i.UART_CheckIdleState                    0x08002386   Section        0  stm32f0xx_hal_uart.o(i.UART_CheckIdleState)
    i.UART_DMAAbortOnError                   0x08002398   Section        0  stm32f0xx_hal_uart.o(i.UART_DMAAbortOnError)
    UART_DMAAbortOnError                     0x08002399   Thumb Code    20  stm32f0xx_hal_uart.o(i.UART_DMAAbortOnError)
    i.UART_EndRxTransfer                     0x080023ac   Section        0  stm32f0xx_hal_uart.o(i.UART_EndRxTransfer)
    UART_EndRxTransfer                       0x080023ad   Thumb Code    30  stm32f0xx_hal_uart.o(i.UART_EndRxTransfer)
    i.UART_EndTransmit_IT                    0x080023ca   Section        0  stm32f0xx_hal_uart.o(i.UART_EndTransmit_IT)
    i.UART_Receive_IT                        0x080023e4   Section        0  stm32f0xx_hal_uart.o(i.UART_Receive_IT)
    i.UART_SetConfig                         0x08002460   Section        0  stm32f0xx_hal_uart.o(i.UART_SetConfig)
    i.UART_Transmit_IT                       0x08002590   Section        0  stm32f0xx_hal_uart.o(i.UART_Transmit_IT)
    i.UART_WaitOnFlagUntilTimeout            0x080025f6   Section        0  stm32f0xx_hal_uart.o(i.UART_WaitOnFlagUntilTimeout)
    i.USART1_IRQHandler                      0x08002658   Section        0  stm32f0xx_it.o(i.USART1_IRQHandler)
    i.USART2_IRQHandler                      0x08002668   Section        0  stm32f0xx_it.o(i.USART2_IRQHandler)
    i.__ARM_common_switch8                   0x08002678   Section        0  masimo.o(i.__ARM_common_switch8)
    i.__ARM_fpclassify                       0x08002694   Section        0  fpclassify.o(i.__ARM_fpclassify)
    i.__kernel_poly                          0x080026c0   Section        0  poly.o(i.__kernel_poly)
    i.__mathlib_dbl_divzero                  0x0800276c   Section        0  dunder.o(i.__mathlib_dbl_divzero)
    i.__mathlib_dbl_infnan                   0x08002780   Section        0  dunder.o(i.__mathlib_dbl_infnan)
    i.__mathlib_dbl_infnan2                  0x0800278a   Section        0  dunder.o(i.__mathlib_dbl_infnan2)
    i.__mathlib_dbl_invalid                  0x08002792   Section        0  dunder.o(i.__mathlib_dbl_invalid)
    i.__mathlib_dbl_overflow                 0x080027a4   Section        0  dunder.o(i.__mathlib_dbl_overflow)
    i.__mathlib_dbl_underflow                0x080027b8   Section        0  dunder.o(i.__mathlib_dbl_underflow)
    i.adcRead                                0x080027cc   Section        0  main.o(i.adcRead)
    i.checkStatus                            0x08002830   Section        0  masimo.o(i.checkStatus)
    i.getPacketData                          0x0800285c   Section        0  masimo.o(i.getPacketData)
    i.initPacket                             0x080028b0   Section        0  masimo.o(i.initPacket)
    i.log                                    0x080028e8   Section        0  log.o(i.log)
    i.main                                   0x08002c3c   Section        0  main.o(i.main)
    i.pow                                    0x08002e7c   Section        0  pow.o(i.pow)
    i.programmingAck                         0x08003878   Section        0  masimo.o(i.programmingAck)
    i.putDataToPacket                        0x080038a4   Section        0  masimo.o(i.putDataToPacket)
    i.requestBoardInfo                       0x080038c0   Section        0  masimo.o(i.requestBoardInfo)
    i.requestPerfusionIndex                  0x080038ec   Section        0  masimo.o(i.requestPerfusionIndex)
    i.requestPulseRate                       0x08003920   Section        0  masimo.o(i.requestPulseRate)
    i.requestSpo2                            0x08003954   Section        0  masimo.o(i.requestSpo2)
    i.resizePacketData                       0x08003988   Section        0  masimo.o(i.resizePacketData)
    i.sqrt                                   0x080039a4   Section        0  sqrt.o(i.sqrt)
    i.unlockBoard                            0x080039ec   Section        0  masimo.o(i.unlockBoard)
    x$fpl$deqf                               0x08003a70   Section      100  deqf.o(x$fpl$deqf)
    x$fpl$drleqf                             0x08003ad4   Section      104  drlef.o(x$fpl$drleqf)
    x$fpl$fmul                               0x08003b3c   Section      176  fmul.o(x$fpl$fmul)
    .constdata                               0x08003bec   Section       16  system_stm32f0xx.o(.constdata)
    x$fpl$usenofp                            0x08003bec   Section        0  usenofp.o(x$fpl$usenofp)
    .constdata                               0x08003bfc   Section        8  system_stm32f0xx.o(.constdata)
    .constdata                               0x08003c04   Section      128  ddiv.o(.constdata)
    ddiv_reciptbl                            0x08003c04   Data         128  ddiv.o(.constdata)
    .constdata                               0x08003c84   Section       64  fdiv.o(.constdata)
    fdiv_tab                                 0x08003c84   Data          64  fdiv.o(.constdata)
    .constdata                               0x08003cc8   Section       56  log.o(.constdata)
    Lg2                                      0x08003cc8   Data          24  log.o(.constdata)
    Lg                                       0x08003ce0   Data          32  log.o(.constdata)
    .constdata                               0x08003d00   Section      136  pow.o(.constdata)
    bp                                       0x08003d00   Data          16  pow.o(.constdata)
    dp_h                                     0x08003d10   Data          16  pow.o(.constdata)
    dp_l                                     0x08003d20   Data          16  pow.o(.constdata)
    L                                        0x08003d30   Data          48  pow.o(.constdata)
    P                                        0x08003d60   Data          40  pow.o(.constdata)
    .constdata                               0x08003d88   Section        8  qnan.o(.constdata)
    .data                                    0x20000000   Section       32  main.o(.data)
    .data                                    0x20000020   Section       32  masimo.o(.data)
    dataCounter                              0x2000003c   Data           4  masimo.o(.data)
    .data                                    0x20000040   Section        4  stm32f0xx_hal.o(.data)
    .data                                    0x20000044   Section        4  system_stm32f0xx.o(.data)
    .bss                                     0x20000048   Section      256  main.o(.bss)
    .bss                                     0x20000148   Section       16  main.o(.bss)
    .bss                                     0x20000158   Section      192  masimo.o(.bss)
    incomeBuffer                             0x20000158   Data          64  masimo.o(.bss)
    dataBuffer                               0x200001b8   Data          32  masimo.o(.bss)
    .bss                                     0x20000218   Section       96  libspace.o(.bss)
    HEAP                                     0x20000278   Section      512  startup_stm32f030x8.o(HEAP)
    Heap_Mem                                 0x20000278   Data         512  startup_stm32f030x8.o(HEAP)
    STACK                                    0x20000478   Section     1024  startup_stm32f030x8.o(STACK)
    Stack_Mem                                0x20000478   Data        1024  startup_stm32f030x8.o(STACK)
    __initial_sp                             0x20000878   Data           0  startup_stm32f030x8.o(STACK)

    Global Symbols

    Symbol Name                              Value     Ov Type        Size  Object(Section)

    BuildAttributes$$THM_ISAv3M$S$PE$A:L22$X:L11$S22$IEEE1$IW$USESV6$~STKCKD$USESV7$~SHL$OTIME$ROPI$IEEEX$EBA8$UX$STANDARDLIB$REQ8$PRES8$EABIv2 0x00000000   Number         0  anon$$obj.o ABSOLUTE
    __ARM_use_no_argv                        0x00000000   Number         0  main.o ABSOLUTE
    __ARM_exceptions_init                     - Undefined Weak Reference
    __alloca_initialize                       - Undefined Weak Reference
    __arm_preinit_                            - Undefined Weak Reference
    __cpp_initialize__aeabi_                  - Undefined Weak Reference
    __cxa_finalize                            - Undefined Weak Reference
    __rt_locale                               - Undefined Weak Reference
    __sigvec_lookup                           - Undefined Weak Reference
    _atexit_init                              - Undefined Weak Reference
    _call_atexit_fns                          - Undefined Weak Reference
    _clock_init                               - Undefined Weak Reference
    _fp_trap_init                             - Undefined Weak Reference
    _fp_trap_shutdown                         - Undefined Weak Reference
    _get_lc_collate                           - Undefined Weak Reference
    _get_lc_ctype                             - Undefined Weak Reference
    _get_lc_monetary                          - Undefined Weak Reference
    _get_lc_numeric                           - Undefined Weak Reference
    _get_lc_time                              - Undefined Weak Reference
    _getenv_init                              - Undefined Weak Reference
    _handle_redirection                       - Undefined Weak Reference
    _init_alloc                               - Undefined Weak Reference
    _init_user_alloc                          - Undefined Weak Reference
    _initio                                   - Undefined Weak Reference
    _rand_init                                - Undefined Weak Reference
    _signal_finish                            - Undefined Weak Reference
    _signal_init                              - Undefined Weak Reference
    _terminate_alloc                          - Undefined Weak Reference
    _terminate_user_alloc                     - Undefined Weak Reference
    _terminateio                              - Undefined Weak Reference
    __Vectors_Size                           0x000000b4   Number         0  startup_stm32f030x8.o ABSOLUTE
    __Vectors                                0x08000000   Data           4  startup_stm32f030x8.o(RESET)
    __Vectors_End                            0x080000b4   Data           0  startup_stm32f030x8.o(RESET)
    __main                                   0x080000b5   Thumb Code     8  __main.o(!!!main)
    __scatterload                            0x080000bd   Thumb Code     0  __scatter.o(!!!scatter)
    __scatterload_rt2                        0x080000bd   Thumb Code    52  __scatter.o(!!!scatter)
    __scatterload_rt2_thumb_only             0x080000bd   Thumb Code     0  __scatter.o(!!!scatter)
    __scatterload_null                       0x080000cd   Thumb Code     0  __scatter.o(!!!scatter)
    __scatterload_copy                       0x080000f9   Thumb Code    26  __scatter_copy.o(!!handler_copy)
    __scatterload_zeroinit                   0x08000115   Thumb Code    28  __scatter_zi.o(!!handler_zi)
    __rt_lib_init                            0x08000131   Thumb Code     0  libinit.o(.ARM.Collect$$libinit$$00000000)
    __rt_lib_init_alloca_1                   0x08000133   Thumb Code     0  libinit2.o(.ARM.Collect$$libinit$$0000002E)
    __rt_lib_init_argv_1                     0x08000133   Thumb Code     0  libinit2.o(.ARM.Collect$$libinit$$0000002C)
    __rt_lib_init_atexit_1                   0x08000133   Thumb Code     0  libinit2.o(.ARM.Collect$$libinit$$0000001B)
    __rt_lib_init_clock_1                    0x08000133   Thumb Code     0  libinit2.o(.ARM.Collect$$libinit$$00000021)
    __rt_lib_init_cpp_1                      0x08000133   Thumb Code     0  libinit2.o(.ARM.Collect$$libinit$$00000032)
    __rt_lib_init_exceptions_1               0x08000133   Thumb Code     0  libinit2.o(.ARM.Collect$$libinit$$00000030)
    __rt_lib_init_fp_1                       0x08000133   Thumb Code     0  libinit2.o(.ARM.Collect$$libinit$$00000002)
    __rt_lib_init_fp_trap_1                  0x08000133   Thumb Code     0  libinit2.o(.ARM.Collect$$libinit$$0000001F)
    __rt_lib_init_getenv_1                   0x08000133   Thumb Code     0  libinit2.o(.ARM.Collect$$libinit$$00000023)
    __rt_lib_init_heap_1                     0x08000133   Thumb Code     0  libinit2.o(.ARM.Collect$$libinit$$0000000A)
    __rt_lib_init_lc_collate_1               0x08000133   Thumb Code     0  libinit2.o(.ARM.Collect$$libinit$$00000011)
    __rt_lib_init_lc_ctype_1                 0x08000133   Thumb Code     0  libinit2.o(.ARM.Collect$$libinit$$00000013)
    __rt_lib_init_lc_monetary_1              0x08000133   Thumb Code     0  libinit2.o(.ARM.Collect$$libinit$$00000015)
    __rt_lib_init_lc_numeric_1               0x08000133   Thumb Code     0  libinit2.o(.ARM.Collect$$libinit$$00000017)
    __rt_lib_init_lc_time_1                  0x08000133   Thumb Code     0  libinit2.o(.ARM.Collect$$libinit$$00000019)
    __rt_lib_init_preinit_1                  0x08000133   Thumb Code     0  libinit2.o(.ARM.Collect$$libinit$$00000004)
    __rt_lib_init_rand_1                     0x08000133   Thumb Code     0  libinit2.o(.ARM.Collect$$libinit$$0000000E)
    __rt_lib_init_return                     0x08000133   Thumb Code     0  libinit2.o(.ARM.Collect$$libinit$$00000033)
    __rt_lib_init_signal_1                   0x08000133   Thumb Code     0  libinit2.o(.ARM.Collect$$libinit$$0000001D)
    __rt_lib_init_stdio_1                    0x08000133   Thumb Code     0  libinit2.o(.ARM.Collect$$libinit$$00000025)
    __rt_lib_init_user_alloc_1               0x08000133   Thumb Code     0  libinit2.o(.ARM.Collect$$libinit$$0000000C)
    __rt_lib_shutdown                        0x08000135   Thumb Code     0  libshutdown.o(.ARM.Collect$$libshutdown$$00000000)
    __rt_lib_shutdown_cpp_1                  0x08000137   Thumb Code     0  libshutdown2.o(.ARM.Collect$$libshutdown$$00000002)
    __rt_lib_shutdown_fp_trap_1              0x08000137   Thumb Code     0  libshutdown2.o(.ARM.Collect$$libshutdown$$00000007)
    __rt_lib_shutdown_heap_1                 0x08000137   Thumb Code     0  libshutdown2.o(.ARM.Collect$$libshutdown$$0000000F)
    __rt_lib_shutdown_return                 0x08000137   Thumb Code     0  libshutdown2.o(.ARM.Collect$$libshutdown$$00000010)
    __rt_lib_shutdown_signal_1               0x08000137   Thumb Code     0  libshutdown2.o(.ARM.Collect$$libshutdown$$0000000A)
    __rt_lib_shutdown_stdio_1                0x08000137   Thumb Code     0  libshutdown2.o(.ARM.Collect$$libshutdown$$00000004)
    __rt_lib_shutdown_user_alloc_1           0x08000137   Thumb Code     0  libshutdown2.o(.ARM.Collect$$libshutdown$$0000000C)
    __rt_entry                               0x08000139   Thumb Code     0  __rtentry.o(.ARM.Collect$$rtentry$$00000000)
    __rt_entry_presh_1                       0x08000139   Thumb Code     0  __rtentry2.o(.ARM.Collect$$rtentry$$00000002)
    __rt_entry_sh                            0x08000139   Thumb Code     0  __rtentry4.o(.ARM.Collect$$rtentry$$00000004)
    __rt_entry_li                            0x0800013f   Thumb Code     0  __rtentry2.o(.ARM.Collect$$rtentry$$0000000A)
    __rt_entry_postsh_1                      0x0800013f   Thumb Code     0  __rtentry2.o(.ARM.Collect$$rtentry$$00000009)
    __rt_entry_main                          0x08000143   Thumb Code     0  __rtentry2.o(.ARM.Collect$$rtentry$$0000000D)
    __rt_entry_postli_1                      0x08000143   Thumb Code     0  __rtentry2.o(.ARM.Collect$$rtentry$$0000000C)
    __rt_exit                                0x0800014b   Thumb Code     0  rtexit.o(.ARM.Collect$$rtexit$$00000000)
    __rt_exit_ls                             0x0800014d   Thumb Code     0  rtexit2.o(.ARM.Collect$$rtexit$$00000003)
    __rt_exit_prels_1                        0x0800014d   Thumb Code     0  rtexit2.o(.ARM.Collect$$rtexit$$00000002)
    __rt_exit_exit                           0x08000151   Thumb Code     0  rtexit2.o(.ARM.Collect$$rtexit$$00000004)
    Reset_Handler                            0x08000159   Thumb Code     8  startup_stm32f030x8.o(.text)
    ADC1_IRQHandler                          0x0800016b   Thumb Code     0  startup_stm32f030x8.o(.text)
    DMA1_Channel1_IRQHandler                 0x0800016b   Thumb Code     0  startup_stm32f030x8.o(.text)
    DMA1_Channel2_3_IRQHandler               0x0800016b   Thumb Code     0  startup_stm32f030x8.o(.text)
    DMA1_Channel4_5_IRQHandler               0x0800016b   Thumb Code     0  startup_stm32f030x8.o(.text)
    EXTI0_1_IRQHandler                       0x0800016b   Thumb Code     0  startup_stm32f030x8.o(.text)
    EXTI2_3_IRQHandler                       0x0800016b   Thumb Code     0  startup_stm32f030x8.o(.text)
    EXTI4_15_IRQHandler                      0x0800016b   Thumb Code     0  startup_stm32f030x8.o(.text)
    FLASH_IRQHandler                         0x0800016b   Thumb Code     0  startup_stm32f030x8.o(.text)
    I2C1_IRQHandler                          0x0800016b   Thumb Code     0  startup_stm32f030x8.o(.text)
    I2C2_IRQHandler                          0x0800016b   Thumb Code     0  startup_stm32f030x8.o(.text)
    RCC_IRQHandler                           0x0800016b   Thumb Code     0  startup_stm32f030x8.o(.text)
    RTC_IRQHandler                           0x0800016b   Thumb Code     0  startup_stm32f030x8.o(.text)
    SPI1_IRQHandler                          0x0800016b   Thumb Code     0  startup_stm32f030x8.o(.text)
    SPI2_IRQHandler                          0x0800016b   Thumb Code     0  startup_stm32f030x8.o(.text)
    TIM14_IRQHandler                         0x0800016b   Thumb Code     0  startup_stm32f030x8.o(.text)
    TIM15_IRQHandler                         0x0800016b   Thumb Code     0  startup_stm32f030x8.o(.text)
    TIM16_IRQHandler                         0x0800016b   Thumb Code     0  startup_stm32f030x8.o(.text)
    TIM17_IRQHandler                         0x0800016b   Thumb Code     0  startup_stm32f030x8.o(.text)
    TIM1_BRK_UP_TRG_COM_IRQHandler           0x0800016b   Thumb Code     0  startup_stm32f030x8.o(.text)
    TIM1_CC_IRQHandler                       0x0800016b   Thumb Code     0  startup_stm32f030x8.o(.text)
    TIM3_IRQHandler                          0x0800016b   Thumb Code     0  startup_stm32f030x8.o(.text)
    TIM6_IRQHandler                          0x0800016b   Thumb Code     0  startup_stm32f030x8.o(.text)
    WWDG_IRQHandler                          0x0800016b   Thumb Code     0  startup_stm32f030x8.o(.text)
    __user_initial_stackheap                 0x0800016d   Thumb Code     0  startup_stm32f030x8.o(.text)
    _memset_w                                0x08000191   Thumb Code    26  rt_memclr.o(.text)
    _memset                                  0x080001ab   Thumb Code    30  rt_memclr.o(.text)
    __aeabi_memclr                           0x080001c9   Thumb Code     4  rt_memclr.o(.text)
    __rt_memclr                              0x080001c9   Thumb Code     0  rt_memclr.o(.text)
    __aeabi_memclr4                          0x080001cd   Thumb Code     0  rt_memclr.o(.text)
    __aeabi_memclr8                          0x080001cd   Thumb Code     0  rt_memclr.o(.text)
    __rt_memclr_w                            0x080001cd   Thumb Code     4  rt_memclr.o(.text)
    __aeabi_uidiv                            0x080001d1   Thumb Code     0  aeabi_sdiv.o(.text)
    __aeabi_uidivmod                         0x080001d1   Thumb Code    20  aeabi_sdiv.o(.text)
    __aeabi_idiv                             0x080001e5   Thumb Code     0  aeabi_sdiv.o(.text)
    __aeabi_idivmod                          0x080001e5   Thumb Code   326  aeabi_sdiv.o(.text)
    __use_two_region_memory                  0x0800032b   Thumb Code     2  heapauxi.o(.text)
    __rt_heap_escrow$2region                 0x0800032d   Thumb Code     2  heapauxi.o(.text)
    __rt_heap_expand$2region                 0x0800032f   Thumb Code     2  heapauxi.o(.text)
    __aeabi_d2f                              0x08000331   Thumb Code     0  d2f.o(.text)
    _d2f                                     0x08000331   Thumb Code   120  d2f.o(.text)
    __aeabi_dadd                             0x080006a5   Thumb Code     0  daddsub.o(.text)
    _dadd                                    0x080006a5   Thumb Code    26  daddsub.o(.text)
    __aeabi_dsub                             0x080006bf   Thumb Code     0  daddsub.o(.text)
    _dsub                                    0x080006bf   Thumb Code    22  daddsub.o(.text)
    __aeabi_drsub                            0x080006d5   Thumb Code     0  daddsub.o(.text)
    _drsb                                    0x080006d5   Thumb Code    28  daddsub.o(.text)
    __aeabi_ddiv                             0x08000705   Thumb Code     0  ddiv.o(.text)
    _ddiv                                    0x08000705   Thumb Code  1072  ddiv.o(.text)
    _drdiv                                   0x08000b35   Thumb Code    20  ddiv.o(.text)
    __aeabi_i2d_normalise                    0x08000b4d   Thumb Code    66  dflti.o(.text)
    __aeabi_i2d                              0x08000b8f   Thumb Code    16  dflti.o(.text)
    _dflt                                    0x08000b8f   Thumb Code     0  dflti.o(.text)
    __aeabi_ui2d                             0x08000b9f   Thumb Code     6  dflti.o(.text)
    _dfltu                                   0x08000b9f   Thumb Code     0  dflti.o(.text)
    __aeabi_dmul                             0x08000ba5   Thumb Code     0  dmul.o(.text)
    _dmul                                    0x08000ba5   Thumb Code   558  dmul.o(.text)
    __aeabi_f2d                              0x08000ded   Thumb Code     0  f2d.o(.text)
    _f2d                                     0x08000ded   Thumb Code    80  f2d.o(.text)
    __aeabi_fdiv                             0x08000e41   Thumb Code     0  fdiv.o(.text)
    _fdiv                                    0x08000e41   Thumb Code   334  fdiv.o(.text)
    _frdiv                                   0x08000f8f   Thumb Code     8  fdiv.o(.text)
    __aeabi_f2iz                             0x08000fa1   Thumb Code     0  ffixi.o(.text)
    _ffix                                    0x08000fa1   Thumb Code    76  ffixi.o(.text)
    __aeabi_f2uiz                            0x08000fed   Thumb Code     0  ffixui.o(.text)
    _ffixu                                   0x08000fed   Thumb Code    48  ffixui.o(.text)
    __aeabi_i2f_normalise                    0x0800101d   Thumb Code    72  fflti.o(.text)
    __aeabi_i2f                              0x08001065   Thumb Code    16  fflti.o(.text)
    _fflt                                    0x08001065   Thumb Code     0  fflti.o(.text)
    __aeabi_ui2f                             0x08001075   Thumb Code     6  fflti.o(.text)
    _ffltu                                   0x08001075   Thumb Code     0  fflti.o(.text)
    __read_errno                             0x0800107b   Thumb Code    10  _rserrno.o(.text)
    __set_errno                              0x08001085   Thumb Code    12  _rserrno.o(.text)
    __ARM_scalbn                             0x08001091   Thumb Code    84  dscalbn.o(.text)
    __aeabi_errno_addr                       0x080010f1   Thumb Code     8  rt_errno_addr_intlibspace.o(.text)
    __errno$intlibspace                      0x080010f1   Thumb Code     0  rt_errno_addr_intlibspace.o(.text)
    __rt_errno_addr$intlibspace              0x080010f1   Thumb Code     0  rt_errno_addr_intlibspace.o(.text)
    __fpl_dcmp_InfNaN                        0x080010f9   Thumb Code   140  dcmpin.o(.text)
    _dsqrt                                   0x08001189   Thumb Code   248  dsqrt.o(.text)
    __user_libspace                          0x08001289   Thumb Code     8  libspace.o(.text)
    __user_perproc_libspace                  0x08001289   Thumb Code     0  libspace.o(.text)
    __user_perthread_libspace                0x08001289   Thumb Code     0  libspace.o(.text)
    __user_setup_stackheap                   0x08001291   Thumb Code    62  sys_stackheap_outer.o(.text)
    exit                                     0x080012cf   Thumb Code    16  exit.o(.text)
    __fpl_cmpreturn                          0x080012df   Thumb Code    46  cmpret.o(.text)
    __fpl_dcheck_NaN2                        0x0800130d   Thumb Code    14  dnan2.o(.text)
    __fpl_return_NaN                         0x08001321   Thumb Code    94  retnan.o(.text)
    _sys_exit                                0x08001381   Thumb Code     8  sys_exit.o(.text)
    __I$use$semihosting                      0x0800138d   Thumb Code     0  use_no_semi.o(.text)
    __use_no_semihosting_swi                 0x0800138d   Thumb Code     2  use_no_semi.o(.text)
    HAL_DMA_Abort_IT                         0x0800138f   Thumb Code    72  stm32f0xx_hal_dma.o(i.HAL_DMA_Abort_IT)
    __semihosting_library_function           0x0800138f   Thumb Code     0  indicate_semi.o(.text)
    HAL_Delay                                0x080013d7   Thumb Code    28  stm32f0xx_hal.o(i.HAL_Delay)
    HAL_GPIO_Init                            0x080013f5   Thumb Code   302  stm32f0xx_hal_gpio.o(i.HAL_GPIO_Init)
    HAL_GPIO_ReadPin                         0x0800153d   Thumb Code    10  stm32f0xx_hal_gpio.o(i.HAL_GPIO_ReadPin)
    HAL_GPIO_WritePin                        0x08001547   Thumb Code    12  stm32f0xx_hal_gpio.o(i.HAL_GPIO_WritePin)
    HAL_GetTick                              0x08001555   Thumb Code     6  stm32f0xx_hal.o(i.HAL_GetTick)
    HAL_IncTick                              0x08001561   Thumb Code    10  stm32f0xx_hal.o(i.HAL_IncTick)
    HAL_Init                                 0x08001571   Thumb Code    26  stm32f0xx_hal.o(i.HAL_Init)
    HAL_InitTick                             0x08001591   Thumb Code    34  stm32f0xx_hal.o(i.HAL_InitTick)
    HAL_MspInit                              0x080015b5   Thumb Code    34  stm32f0xx_hal_msp.o(i.HAL_MspInit)
    HAL_NVIC_EnableIRQ                       0x080015dd   Thumb Code    14  stm32f0xx_hal_cortex.o(i.HAL_NVIC_EnableIRQ)
    HAL_NVIC_SetPriority                     0x080015f1   Thumb Code     8  stm32f0xx_hal_cortex.o(i.HAL_NVIC_SetPriority)
    HAL_RCCEx_PeriphCLKConfig                0x080015f9   Thumb Code   218  stm32f0xx_hal_rcc_ex.o(i.HAL_RCCEx_PeriphCLKConfig)
    HAL_RCC_ClockConfig                      0x080016e1   Thumb Code   280  stm32f0xx_hal_rcc.o(i.HAL_RCC_ClockConfig)
    HAL_RCC_GetHCLKFreq                      0x0800180d   Thumb Code     6  stm32f0xx_hal_rcc.o(i.HAL_RCC_GetHCLKFreq)
    HAL_RCC_GetPCLK1Freq                     0x08001819   Thumb Code    20  stm32f0xx_hal_rcc.o(i.HAL_RCC_GetPCLK1Freq)
    HAL_RCC_GetSysClockFreq                  0x08001839   Thumb Code    76  stm32f0xx_hal_rcc.o(i.HAL_RCC_GetSysClockFreq)
    HAL_RCC_OscConfig                        0x080018b1   Thumb Code   840  stm32f0xx_hal_rcc.o(i.HAL_RCC_OscConfig)
    HAL_SYSTICK_Config                       0x08001c05   Thumb Code    38  stm32f0xx_hal_cortex.o(i.HAL_SYSTICK_Config)
    HAL_UART_ErrorCallback                   0x08001c35   Thumb Code     2  stm32f0xx_hal_uart.o(i.HAL_UART_ErrorCallback)
    HAL_UART_IRQHandler                      0x08001c39   Thumb Code   272  stm32f0xx_hal_uart.o(i.HAL_UART_IRQHandler)
    HAL_UART_Init                            0x08001d4d   Thumb Code   108  stm32f0xx_hal_uart.o(i.HAL_UART_Init)
    HAL_UART_MspInit                         0x08001db9   Thumb Code   166  stm32f0xx_hal_msp.o(i.HAL_UART_MspInit)
    HAL_UART_Receive_IT                      0x08001e6d   Thumb Code   132  stm32f0xx_hal_uart.o(i.HAL_UART_Receive_IT)
    HAL_UART_RxCpltCallback                  0x08001ef5   Thumb Code   244  masimo.o(i.HAL_UART_RxCpltCallback)
    HAL_UART_Transmit                        0x08001ff5   Thumb Code   200  stm32f0xx_hal_uart.o(i.HAL_UART_Transmit)
    HAL_UART_TxCpltCallback                  0x080020bd   Thumb Code     2  stm32f0xx_hal_uart.o(i.HAL_UART_TxCpltCallback)
    HardFault_Handler                        0x080020bf   Thumb Code     2  stm32f0xx_it.o(i.HardFault_Handler)
    NMI_Handler                              0x080021b9   Thumb Code     2  stm32f0xx_it.o(i.NMI_Handler)
    PendSV_Handler                           0x08002201   Thumb Code     2  stm32f0xx_it.o(i.PendSV_Handler)
    SVC_Handler                              0x08002203   Thumb Code     2  stm32f0xx_it.o(i.SVC_Handler)
    SysTick_Handler                          0x08002205   Thumb Code     8  stm32f0xx_it.o(i.SysTick_Handler)
    SystemClock_Config                       0x0800220d   Thumb Code    82  main.o(i.SystemClock_Config)
    SystemInit                               0x08002261   Thumb Code    78  system_stm32f0xx.o(i.SystemInit)
    UART_AdvFeatureConfig                    0x080022bd   Thumb Code   202  stm32f0xx_hal_uart.o(i.UART_AdvFeatureConfig)
    UART_CheckIdleState                      0x08002387   Thumb Code    18  stm32f0xx_hal_uart.o(i.UART_CheckIdleState)
    UART_EndTransmit_IT                      0x080023cb   Thumb Code    26  stm32f0xx_hal_uart.o(i.UART_EndTransmit_IT)
    UART_Receive_IT                          0x080023e5   Thumb Code   122  stm32f0xx_hal_uart.o(i.UART_Receive_IT)
    UART_SetConfig                           0x08002461   Thumb Code   280  stm32f0xx_hal_uart.o(i.UART_SetConfig)
    UART_Transmit_IT                         0x08002591   Thumb Code   102  stm32f0xx_hal_uart.o(i.UART_Transmit_IT)
    UART_WaitOnFlagUntilTimeout              0x080025f7   Thumb Code    98  stm32f0xx_hal_uart.o(i.UART_WaitOnFlagUntilTimeout)
    USART1_IRQHandler                        0x08002659   Thumb Code    10  stm32f0xx_it.o(i.USART1_IRQHandler)
    USART2_IRQHandler                        0x08002669   Thumb Code    10  stm32f0xx_it.o(i.USART2_IRQHandler)
    __ARM_common_switch8                     0x08002679   Thumb Code    26  masimo.o(i.__ARM_common_switch8)
    __ARM_fpclassify                         0x08002695   Thumb Code    40  fpclassify.o(i.__ARM_fpclassify)
    __kernel_poly                            0x080026c1   Thumb Code   172  poly.o(i.__kernel_poly)
    __mathlib_dbl_divzero                    0x0800276d   Thumb Code    16  dunder.o(i.__mathlib_dbl_divzero)
    __mathlib_dbl_infnan                     0x08002781   Thumb Code    10  dunder.o(i.__mathlib_dbl_infnan)
    __mathlib_dbl_infnan2                    0x0800278b   Thumb Code     8  dunder.o(i.__mathlib_dbl_infnan2)
    __mathlib_dbl_invalid                    0x08002793   Thumb Code    16  dunder.o(i.__mathlib_dbl_invalid)
    __mathlib_dbl_overflow                   0x080027a5   Thumb Code    16  dunder.o(i.__mathlib_dbl_overflow)
    __mathlib_dbl_underflow                  0x080027b9   Thumb Code    14  dunder.o(i.__mathlib_dbl_underflow)
    adcRead                                  0x080027cd   Thumb Code    92  main.o(i.adcRead)
    checkStatus                              0x08002831   Thumb Code    36  masimo.o(i.checkStatus)
    getPacketData                            0x0800285d   Thumb Code    74  masimo.o(i.getPacketData)
    initPacket                               0x080028b1   Thumb Code    44  masimo.o(i.initPacket)
    log                                      0x080028e9   Thumb Code   790  log.o(i.log)
    main                                     0x08002c3d   Thumb Code   510  main.o(i.main)
    pow                                      0x08002e7d   Thumb Code  2548  pow.o(i.pow)
    programmingAck                           0x08003879   Thumb Code    36  masimo.o(i.programmingAck)
    putDataToPacket                          0x080038a5   Thumb Code    22  masimo.o(i.putDataToPacket)
    requestBoardInfo                         0x080038c1   Thumb Code    36  masimo.o(i.requestBoardInfo)
    requestPerfusionIndex                    0x080038ed   Thumb Code    42  masimo.o(i.requestPerfusionIndex)
    requestPulseRate                         0x08003921   Thumb Code    42  masimo.o(i.requestPulseRate)
    requestSpo2                              0x08003955   Thumb Code    42  masimo.o(i.requestSpo2)
    resizePacketData                         0x08003989   Thumb Code    22  masimo.o(i.resizePacketData)
    sqrt                                     0x080039a5   Thumb Code    66  sqrt.o(i.sqrt)
    unlockBoard                              0x080039ed   Thumb Code   114  masimo.o(i.unlockBoard)
    __aeabi_cdcmpeq                          0x08003a71   Thumb Code     0  deqf.o(x$fpl$deqf)
    _dcmpeq                                  0x08003a71   Thumb Code    94  deqf.o(x$fpl$deqf)
    __aeabi_cdrcmple                         0x08003ad5   Thumb Code     0  drlef.o(x$fpl$drleqf)
    _drcmple                                 0x08003ad5   Thumb Code   100  drlef.o(x$fpl$drleqf)
    __aeabi_fmul                             0x08003b3d   Thumb Code     0  fmul.o(x$fpl$fmul)
    _fmul                                    0x08003b3d   Thumb Code   172  fmul.o(x$fpl$fmul)
    AHBPrescTable                            0x08003bec   Data          16  system_stm32f0xx.o(.constdata)
    __I$use$fp                               0x08003bec   Number         0  usenofp.o(x$fpl$usenofp)
    APBPrescTable                            0x08003bfc   Data           8  system_stm32f0xx.o(.constdata)
    __mathlib_zero                           0x08003d88   Data           8  qnan.o(.constdata)
    Region$$Table$$Base                      0x08003d90   Number         0  anon$$obj.o(Region$$Table)
    Region$$Table$$Limit                     0x08003db0   Number         0  anon$$obj.o(Region$$Table)
    pattern                                  0x20000000   Data           1  main.o(.data)
    tempUint                                 0x20000002   Data           2  main.o(.data)
    adcData                                  0x20000004   Data           4  main.o(.data)
    normalizeData                            0x20000008   Data           4  main.o(.data)
    resistor                                 0x2000000c   Data           4  main.o(.data)
    A                                        0x20000010   Data           4  main.o(.data)
    B                                        0x20000014   Data           4  main.o(.data)
    C                                        0x20000018   Data           4  main.o(.data)
    T                                        0x2000001c   Data           4  main.o(.data)
    lenByte                                  0x20000020   Data           1  masimo.o(.data)
    cSum                                     0x20000021   Data           1  masimo.o(.data)
    cSumOld                                  0x20000022   Data           1  masimo.o(.data)
    result                                   0x20000023   Data           1  masimo.o(.data)
    state                                    0x20000024   Data           1  masimo.o(.data)
    incommingByte                            0x20000025   Data           1  masimo.o(.data)
    spo2                                     0x20000026   Data           2  masimo.o(.data)
    pulseRate                                0x20000028   Data           2  masimo.o(.data)
    perfusionIndex                           0x2000002a   Data           2  masimo.o(.data)
    cnt                                      0x2000002c   Data           4  masimo.o(.data)
    cntOld                                   0x20000030   Data           4  masimo.o(.data)
    boardSerial                              0x20000034   Data           4  masimo.o(.data)
    keyCode                                  0x20000038   Data           4  masimo.o(.data)
    uwTick                                   0x20000040   Data           4  stm32f0xx_hal.o(.data)
    SystemCoreClock                          0x20000044   Data           4  system_stm32f0xx.o(.data)
    huart1                                   0x20000048   Data         112  main.o(.bss)
    huart2                                   0x200000b8   Data         112  main.o(.bss)
    espOut                                   0x20000128   Data          32  main.o(.bss)
    masimoPacket                             0x20000148   Data          16  main.o(.bss)
    outgoingBuffer                           0x20000198   Data          32  masimo.o(.bss)
    receiveMasimo                            0x200001d8   Data          64  masimo.o(.bss)
    __libspace_start                         0x20000218   Data          96  libspace.o(.bss)
    __temporary_stack_top$libspace           0x20000278   Data           0  libspace.o(.bss)



==============================================================================

Memory Map of the image

  Image Entry point : 0x080000b5

  Load Region LR_IROM1 (Base: 0x08000000, Size: 0x00003df8, Max: 0x00010000, ABSOLUTE)

    Execution Region ER_IROM1 (Exec base: 0x08000000, Load base: 0x08000000, Size: 0x00003db0, Max: 0x00010000, ABSOLUTE)

    Exec Addr    Load Addr    Size         Type   Attr      Idx    E Section Name        Object

    0x08000000   0x08000000   0x000000b4   Data   RO            3    RESET               startup_stm32f030x8.o
    0x080000b4   0x080000b4   0x00000008   Code   RO         2050  * !!!main             c_p.l(__main.o)
    0x080000bc   0x080000bc   0x0000003c   Code   RO         2316    !!!scatter          c_p.l(__scatter.o)
    0x080000f8   0x080000f8   0x0000001a   Code   RO         2318    !!handler_copy      c_p.l(__scatter_copy.o)
    0x08000112   0x08000112   0x00000002   PAD
    0x08000114   0x08000114   0x0000001c   Code   RO         2320    !!handler_zi        c_p.l(__scatter_zi.o)
    0x08000130   0x08000130   0x00000002   Code   RO         2182    .ARM.Collect$$libinit$$00000000  c_p.l(libinit.o)
    0x08000132   0x08000132   0x00000000   Code   RO         2197    .ARM.Collect$$libinit$$00000002  c_p.l(libinit2.o)
    0x08000132   0x08000132   0x00000000   Code   RO         2199    .ARM.Collect$$libinit$$00000004  c_p.l(libinit2.o)
    0x08000132   0x08000132   0x00000000   Code   RO         2202    .ARM.Collect$$libinit$$0000000A  c_p.l(libinit2.o)
    0x08000132   0x08000132   0x00000000   Code   RO         2204    .ARM.Collect$$libinit$$0000000C  c_p.l(libinit2.o)
    0x08000132   0x08000132   0x00000000   Code   RO         2206    .ARM.Collect$$libinit$$0000000E  c_p.l(libinit2.o)
    0x08000132   0x08000132   0x00000000   Code   RO         2209    .ARM.Collect$$libinit$$00000011  c_p.l(libinit2.o)
    0x08000132   0x08000132   0x00000000   Code   RO         2211    .ARM.Collect$$libinit$$00000013  c_p.l(libinit2.o)
    0x08000132   0x08000132   0x00000000   Code   RO         2213    .ARM.Collect$$libinit$$00000015  c_p.l(libinit2.o)
    0x08000132   0x08000132   0x00000000   Code   RO         2215    .ARM.Collect$$libinit$$00000017  c_p.l(libinit2.o)
    0x08000132   0x08000132   0x00000000   Code   RO         2217    .ARM.Collect$$libinit$$00000019  c_p.l(libinit2.o)
    0x08000132   0x08000132   0x00000000   Code   RO         2219    .ARM.Collect$$libinit$$0000001B  c_p.l(libinit2.o)
    0x08000132   0x08000132   0x00000000   Code   RO         2221    .ARM.Collect$$libinit$$0000001D  c_p.l(libinit2.o)
    0x08000132   0x08000132   0x00000000   Code   RO         2223    .ARM.Collect$$libinit$$0000001F  c_p.l(libinit2.o)
    0x08000132   0x08000132   0x00000000   Code   RO         2225    .ARM.Collect$$libinit$$00000021  c_p.l(libinit2.o)
    0x08000132   0x08000132   0x00000000   Code   RO         2227    .ARM.Collect$$libinit$$00000023  c_p.l(libinit2.o)
    0x08000132   0x08000132   0x00000000   Code   RO         2229    .ARM.Collect$$libinit$$00000025  c_p.l(libinit2.o)
    0x08000132   0x08000132   0x00000000   Code   RO         2233    .ARM.Collect$$libinit$$0000002C  c_p.l(libinit2.o)
    0x08000132   0x08000132   0x00000000   Code   RO         2235    .ARM.Collect$$libinit$$0000002E  c_p.l(libinit2.o)
    0x08000132   0x08000132   0x00000000   Code   RO         2237    .ARM.Collect$$libinit$$00000030  c_p.l(libinit2.o)
    0x08000132   0x08000132   0x00000000   Code   RO         2239    .ARM.Collect$$libinit$$00000032  c_p.l(libinit2.o)
    0x08000132   0x08000132   0x00000002   Code   RO         2240    .ARM.Collect$$libinit$$00000033  c_p.l(libinit2.o)
    0x08000134   0x08000134   0x00000002   Code   RO         2273    .ARM.Collect$$libshutdown$$00000000  c_p.l(libshutdown.o)
    0x08000136   0x08000136   0x00000000   Code   RO         2299    .ARM.Collect$$libshutdown$$00000002  c_p.l(libshutdown2.o)
    0x08000136   0x08000136   0x00000000   Code   RO         2301    .ARM.Collect$$libshutdown$$00000004  c_p.l(libshutdown2.o)
    0x08000136   0x08000136   0x00000000   Code   RO         2304    .ARM.Collect$$libshutdown$$00000007  c_p.l(libshutdown2.o)
    0x08000136   0x08000136   0x00000000   Code   RO         2307    .ARM.Collect$$libshutdown$$0000000A  c_p.l(libshutdown2.o)
    0x08000136   0x08000136   0x00000000   Code   RO         2309    .ARM.Collect$$libshutdown$$0000000C  c_p.l(libshutdown2.o)
    0x08000136   0x08000136   0x00000000   Code   RO         2312    .ARM.Collect$$libshutdown$$0000000F  c_p.l(libshutdown2.o)
    0x08000136   0x08000136   0x00000002   Code   RO         2313    .ARM.Collect$$libshutdown$$00000010  c_p.l(libshutdown2.o)
    0x08000138   0x08000138   0x00000000   Code   RO         2096    .ARM.Collect$$rtentry$$00000000  c_p.l(__rtentry.o)
    0x08000138   0x08000138   0x00000000   Code   RO         2138    .ARM.Collect$$rtentry$$00000002  c_p.l(__rtentry2.o)
    0x08000138   0x08000138   0x00000006   Code   RO         2150    .ARM.Collect$$rtentry$$00000004  c_p.l(__rtentry4.o)
    0x0800013e   0x0800013e   0x00000000   Code   RO         2140    .ARM.Collect$$rtentry$$00000009  c_p.l(__rtentry2.o)
    0x0800013e   0x0800013e   0x00000004   Code   RO         2141    .ARM.Collect$$rtentry$$0000000A  c_p.l(__rtentry2.o)
    0x08000142   0x08000142   0x00000000   Code   RO         2143    .ARM.Collect$$rtentry$$0000000C  c_p.l(__rtentry2.o)
    0x08000142   0x08000142   0x00000008   Code   RO         2144    .ARM.Collect$$rtentry$$0000000D  c_p.l(__rtentry2.o)
    0x0800014a   0x0800014a   0x00000002   Code   RO         2188    .ARM.Collect$$rtexit$$00000000  c_p.l(rtexit.o)
    0x0800014c   0x0800014c   0x00000000   Code   RO         2246    .ARM.Collect$$rtexit$$00000002  c_p.l(rtexit2.o)
    0x0800014c   0x0800014c   0x00000004   Code   RO         2247    .ARM.Collect$$rtexit$$00000003  c_p.l(rtexit2.o)
    0x08000150   0x08000150   0x00000006   Code   RO         2248    .ARM.Collect$$rtexit$$00000004  c_p.l(rtexit2.o)
    0x08000156   0x08000156   0x00000002   PAD
    0x08000158   0x08000158   0x00000038   Code   RO            4    .text               startup_stm32f030x8.o
    0x08000190   0x08000190   0x00000040   Code   RO         2042    .text               c_p.l(rt_memclr.o)
    0x080001d0   0x080001d0   0x0000015a   Code   RO         2044    .text               c_p.l(aeabi_sdiv.o)
    0x0800032a   0x0800032a   0x00000006   Code   RO         2048    .text               c_p.l(heapauxi.o)
    0x08000330   0x08000330   0x0000007c   Code   RO         2052    .text               fz_ps.l(d2f.o)
    0x080003ac   0x080003ac   0x00000358   Code   RO         2054    .text               fz_ps.l(daddsub.o)
    0x08000704   0x08000704   0x00000448   Code   RO         2056    .text               fz_ps.l(ddiv.o)
    0x08000b4c   0x08000b4c   0x00000058   Code   RO         2059    .text               fz_ps.l(dflti.o)
    0x08000ba4   0x08000ba4   0x00000248   Code   RO         2061    .text               fz_ps.l(dmul.o)
    0x08000dec   0x08000dec   0x00000054   Code   RO         2063    .text               fz_ps.l(f2d.o)
    0x08000e40   0x08000e40   0x00000160   Code   RO         2065    .text               fz_ps.l(fdiv.o)
    0x08000fa0   0x08000fa0   0x0000004c   Code   RO         2068    .text               fz_ps.l(ffixi.o)
    0x08000fec   0x08000fec   0x00000030   Code   RO         2070    .text               fz_ps.l(ffixui.o)
    0x0800101c   0x0800101c   0x0000005e   Code   RO         2072    .text               fz_ps.l(fflti.o)
    0x0800107a   0x0800107a   0x00000016   Code   RO         2101    .text               c_p.l(_rserrno.o)
    0x08001090   0x08001090   0x00000060   Code   RO         2107    .text               fz_ps.l(dscalbn.o)
    0x080010f0   0x080010f0   0x00000008   Code   RO         2157    .text               c_p.l(rt_errno_addr_intlibspace.o)
    0x080010f8   0x080010f8   0x00000090   Code   RO         2159    .text               fz_ps.l(dcmpin.o)
    0x08001188   0x08001188   0x00000100   Code   RO         2163    .text               fz_ps.l(dsqrt.o)
    0x08001288   0x08001288   0x00000008   Code   RO         2165    .text               c_p.l(libspace.o)
    0x08001290   0x08001290   0x0000003e   Code   RO         2168    .text               c_p.l(sys_stackheap_outer.o)
    0x080012ce   0x080012ce   0x00000010   Code   RO         2171    .text               c_p.l(exit.o)
    0x080012de   0x080012de   0x0000002e   Code   RO         2183    .text               fz_ps.l(cmpret.o)
    0x0800130c   0x0800130c   0x00000014   Code   RO         2185    .text               fz_ps.l(dnan2.o)
    0x08001320   0x08001320   0x0000005e   Code   RO         2241    .text               fz_ps.l(retnan.o)
    0x0800137e   0x0800137e   0x00000002   PAD
    0x08001380   0x08001380   0x0000000c   Code   RO         2243    .text               c_p.l(sys_exit.o)
    0x0800138c   0x0800138c   0x00000002   Code   RO         2262    .text               c_p.l(use_no_semi.o)
    0x0800138e   0x0800138e   0x00000000   Code   RO         2264    .text               c_p.l(indicate_semi.o)
    0x0800138e   0x0800138e   0x00000048   Code   RO         1539    i.HAL_DMA_Abort_IT  stm32f0xx_hal_dma.o
    0x080013d6   0x080013d6   0x0000001c   Code   RO          880    i.HAL_Delay         stm32f0xx_hal.o
    0x080013f2   0x080013f2   0x00000002   PAD
    0x080013f4   0x080013f4   0x00000148   Code   RO         1477    i.HAL_GPIO_Init     stm32f0xx_hal_gpio.o
    0x0800153c   0x0800153c   0x0000000a   Code   RO         1479    i.HAL_GPIO_ReadPin  stm32f0xx_hal_gpio.o
    0x08001546   0x08001546   0x0000000c   Code   RO         1481    i.HAL_GPIO_WritePin  stm32f0xx_hal_gpio.o
    0x08001552   0x08001552   0x00000002   PAD
    0x08001554   0x08001554   0x0000000c   Code   RO          884    i.HAL_GetTick       stm32f0xx_hal.o
    0x08001560   0x08001560   0x00000010   Code   RO          888    i.HAL_IncTick       stm32f0xx_hal.o
    0x08001570   0x08001570   0x00000020   Code   RO          889    i.HAL_Init          stm32f0xx_hal.o
    0x08001590   0x08001590   0x00000022   Code   RO          890    i.HAL_InitTick      stm32f0xx_hal.o
    0x080015b2   0x080015b2   0x00000002   PAD
    0x080015b4   0x080015b4   0x00000028   Code   RO          227    i.HAL_MspInit       stm32f0xx_hal_msp.o
    0x080015dc   0x080015dc   0x00000014   Code   RO         1634    i.HAL_NVIC_EnableIRQ  stm32f0xx_hal_cortex.o
    0x080015f0   0x080015f0   0x00000008   Code   RO         1638    i.HAL_NVIC_SetPriority  stm32f0xx_hal_cortex.o
    0x080015f8   0x080015f8   0x000000e8   Code   RO          845    i.HAL_RCCEx_PeriphCLKConfig  stm32f0xx_hal_rcc_ex.o
    0x080016e0   0x080016e0   0x0000012c   Code   RO          752    i.HAL_RCC_ClockConfig  stm32f0xx_hal_rcc.o
    0x0800180c   0x0800180c   0x0000000c   Code   RO          757    i.HAL_RCC_GetHCLKFreq  stm32f0xx_hal_rcc.o
    0x08001818   0x08001818   0x00000020   Code   RO          759    i.HAL_RCC_GetPCLK1Freq  stm32f0xx_hal_rcc.o
    0x08001838   0x08001838   0x00000078   Code   RO          760    i.HAL_RCC_GetSysClockFreq  stm32f0xx_hal_rcc.o
    0x080018b0   0x080018b0   0x00000354   Code   RO          763    i.HAL_RCC_OscConfig  stm32f0xx_hal_rcc.o
    0x08001c04   0x08001c04   0x00000030   Code   RO         1642    i.HAL_SYSTICK_Config  stm32f0xx_hal_cortex.o
    0x08001c34   0x08001c34   0x00000002   Code   RO          408    i.HAL_UART_ErrorCallback  stm32f0xx_hal_uart.o
    0x08001c36   0x08001c36   0x00000002   PAD
    0x08001c38   0x08001c38   0x00000114   Code   RO          411    i.HAL_UART_IRQHandler  stm32f0xx_hal_uart.o
    0x08001d4c   0x08001d4c   0x0000006c   Code   RO          412    i.HAL_UART_Init     stm32f0xx_hal_uart.o
    0x08001db8   0x08001db8   0x000000b4   Code   RO          229    i.HAL_UART_MspInit  stm32f0xx_hal_msp.o
    0x08001e6c   0x08001e6c   0x00000088   Code   RO          417    i.HAL_UART_Receive_IT  stm32f0xx_hal_uart.o
    0x08001ef4   0x08001ef4   0x00000100   Code   RO          259    i.HAL_UART_RxCpltCallback  masimo.o
    0x08001ff4   0x08001ff4   0x000000c8   Code   RO          420    i.HAL_UART_Transmit  stm32f0xx_hal_uart.o
    0x080020bc   0x080020bc   0x00000002   Code   RO          423    i.HAL_UART_TxCpltCallback  stm32f0xx_hal_uart.o
    0x080020be   0x080020be   0x00000002   Code   RO          167    i.HardFault_Handler  stm32f0xx_it.o
    0x080020c0   0x080020c0   0x00000098   Code   RO           13    i.MX_GPIO_Init      main.o
    0x08002158   0x08002158   0x00000030   Code   RO           14    i.MX_USART1_UART_Init  main.o
    0x08002188   0x08002188   0x00000030   Code   RO           15    i.MX_USART2_UART_Init  main.o
    0x080021b8   0x080021b8   0x00000002   Code   RO          168    i.NMI_Handler       stm32f0xx_it.o
    0x080021ba   0x080021ba   0x00000002   PAD
    0x080021bc   0x080021bc   0x00000044   Code   RO         1644    i.NVIC_SetPriority  stm32f0xx_hal_cortex.o
    0x08002200   0x08002200   0x00000002   Code   RO          169    i.PendSV_Handler    stm32f0xx_it.o
    0x08002202   0x08002202   0x00000002   Code   RO          170    i.SVC_Handler       stm32f0xx_it.o
    0x08002204   0x08002204   0x00000008   Code   RO          171    i.SysTick_Handler   stm32f0xx_it.o
    0x0800220c   0x0800220c   0x00000052   Code   RO           16    i.SystemClock_Config  main.o
    0x0800225e   0x0800225e   0x00000002   PAD
    0x08002260   0x08002260   0x0000005c   Code   RO         2007    i.SystemInit        system_stm32f0xx.o
    0x080022bc   0x080022bc   0x000000ca   Code   RO          425    i.UART_AdvFeatureConfig  stm32f0xx_hal_uart.o
    0x08002386   0x08002386   0x00000012   Code   RO          426    i.UART_CheckIdleState  stm32f0xx_hal_uart.o
    0x08002398   0x08002398   0x00000014   Code   RO          427    i.UART_DMAAbortOnError  stm32f0xx_hal_uart.o
    0x080023ac   0x080023ac   0x0000001e   Code   RO          437    i.UART_EndRxTransfer  stm32f0xx_hal_uart.o
    0x080023ca   0x080023ca   0x0000001a   Code   RO          438    i.UART_EndTransmit_IT  stm32f0xx_hal_uart.o
    0x080023e4   0x080023e4   0x0000007a   Code   RO          440    i.UART_Receive_IT   stm32f0xx_hal_uart.o
    0x0800245e   0x0800245e   0x00000002   PAD
    0x08002460   0x08002460   0x00000130   Code   RO          441    i.UART_SetConfig    stm32f0xx_hal_uart.o
    0x08002590   0x08002590   0x00000066   Code   RO          442    i.UART_Transmit_IT  stm32f0xx_hal_uart.o
    0x080025f6   0x080025f6   0x00000062   Code   RO          443    i.UART_WaitOnFlagUntilTimeout  stm32f0xx_hal_uart.o
    0x08002658   0x08002658   0x00000010   Code   RO          172    i.USART1_IRQHandler  stm32f0xx_it.o
    0x08002668   0x08002668   0x00000010   Code   RO          173    i.USART2_IRQHandler  stm32f0xx_it.o
    0x08002678   0x08002678   0x0000001a   Code   RO          349    i.__ARM_common_switch8  masimo.o
    0x08002692   0x08002692   0x00000002   PAD
    0x08002694   0x08002694   0x0000002c   Code   RO         2124    i.__ARM_fpclassify  m_ps.l(fpclassify.o)
    0x080026c0   0x080026c0   0x000000ac   Code   RO         2126    i.__kernel_poly     m_ps.l(poly.o)
    0x0800276c   0x0800276c   0x00000014   Code   RO         2110    i.__mathlib_dbl_divzero  m_ps.l(dunder.o)
    0x08002780   0x08002780   0x0000000a   Code   RO         2111    i.__mathlib_dbl_infnan  m_ps.l(dunder.o)
    0x0800278a   0x0800278a   0x00000008   Code   RO         2112    i.__mathlib_dbl_infnan2  m_ps.l(dunder.o)
    0x08002792   0x08002792   0x00000010   Code   RO         2113    i.__mathlib_dbl_invalid  m_ps.l(dunder.o)
    0x080027a2   0x080027a2   0x00000002   PAD
    0x080027a4   0x080027a4   0x00000014   Code   RO         2114    i.__mathlib_dbl_overflow  m_ps.l(dunder.o)
    0x080027b8   0x080027b8   0x00000014   Code   RO         2116    i.__mathlib_dbl_underflow  m_ps.l(dunder.o)
    0x080027cc   0x080027cc   0x00000064   Code   RO           17    i.adcRead           main.o
    0x08002830   0x08002830   0x0000002c   Code   RO          260    i.checkStatus       masimo.o
    0x0800285c   0x0800285c   0x00000054   Code   RO          261    i.getPacketData     masimo.o
    0x080028b0   0x080028b0   0x00000038   Code   RO          262    i.initPacket        masimo.o
    0x080028e8   0x080028e8   0x00000354   Code   RO         2077    i.log               m_ps.l(log.o)
    0x08002c3c   0x08002c3c   0x00000240   Code   RO           18    i.main              main.o
    0x08002e7c   0x08002e7c   0x000009fc   Code   RO         2087    i.pow               m_ps.l(pow.o)
    0x08003878   0x08003878   0x0000002c   Code   RO          263    i.programmingAck    masimo.o
    0x080038a4   0x080038a4   0x0000001c   Code   RO          264    i.putDataToPacket   masimo.o
    0x080038c0   0x080038c0   0x0000002c   Code   RO          265    i.requestBoardInfo  masimo.o
    0x080038ec   0x080038ec   0x00000034   Code   RO          266    i.requestPerfusionIndex  masimo.o
    0x08003920   0x08003920   0x00000034   Code   RO          267    i.requestPulseRate  masimo.o
    0x08003954   0x08003954   0x00000034   Code   RO          268    i.requestSpo2       masimo.o
    0x08003988   0x08003988   0x0000001c   Code   RO          269    i.resizePacketData  masimo.o
    0x080039a4   0x080039a4   0x00000048   Code   RO         2130    i.sqrt              m_ps.l(sqrt.o)
    0x080039ec   0x080039ec   0x00000084   Code   RO          271    i.unlockBoard       masimo.o
    0x08003a70   0x08003a70   0x00000064   Code   RO         2103    x$fpl$deqf          fz_ps.l(deqf.o)
    0x08003ad4   0x08003ad4   0x00000068   Code   RO         2105    x$fpl$drleqf        fz_ps.l(drlef.o)
    0x08003b3c   0x08003b3c   0x000000b0   Code   RO         2074    x$fpl$fmul          fz_ps.l(fmul.o)
    0x08003bec   0x08003bec   0x00000000   Code   RO         2109    x$fpl$usenofp       fz_ps.l(usenofp.o)
    0x08003bec   0x08003bec   0x00000010   Data   RO         2008    .constdata          system_stm32f0xx.o
    0x08003bfc   0x08003bfc   0x00000008   Data   RO         2009    .constdata          system_stm32f0xx.o
    0x08003c04   0x08003c04   0x00000080   Data   RO         2057    .constdata          fz_ps.l(ddiv.o)
    0x08003c84   0x08003c84   0x00000040   Data   RO         2066    .constdata          fz_ps.l(fdiv.o)
    0x08003cc4   0x08003cc4   0x00000004   PAD
    0x08003cc8   0x08003cc8   0x00000038   Data   RO         2078    .constdata          m_ps.l(log.o)
    0x08003d00   0x08003d00   0x00000088   Data   RO         2088    .constdata          m_ps.l(pow.o)
    0x08003d88   0x08003d88   0x00000008   Data   RO         2128    .constdata          m_ps.l(qnan.o)
    0x08003d90   0x08003d90   0x00000020   Data   RO         2314    Region$$Table       anon$$obj.o


    Execution Region RW_IRAM1 (Exec base: 0x20000000, Load base: 0x08003db0, Size: 0x00000878, Max: 0x00002000, ABSOLUTE)

    Exec Addr    Load Addr    Size         Type   Attr      Idx    E Section Name        Object

    0x20000000   0x08003db0   0x00000020   Data   RW           21    .data               main.o
    0x20000020   0x08003dd0   0x00000020   Data   RW          273    .data               masimo.o
    0x20000040   0x08003df0   0x00000004   Data   RW          895    .data               stm32f0xx_hal.o
    0x20000044   0x08003df4   0x00000004   Data   RW         2010    .data               system_stm32f0xx.o
    0x20000048        -       0x00000100   Zero   RW           19    .bss                main.o
    0x20000148        -       0x00000010   Zero   RW           20    .bss                main.o
    0x20000158        -       0x000000c0   Zero   RW          272    .bss                masimo.o
    0x20000218        -       0x00000060   Zero   RW         2166    .bss                c_p.l(libspace.o)
    0x20000278        -       0x00000200   Zero   RW            2    HEAP                startup_stm32f030x8.o
    0x20000478        -       0x00000400   Zero   RW            1    STACK               startup_stm32f030x8.o


==============================================================================

Image component sizes


      Code (inc. data)   RO Data    RW Data    ZI Data      Debug   Object Name

      1006         98          0         32        272     239270   main.o
       898        126          0         32        192       7619   masimo.o
        56         26        180          0       1536        620   startup_stm32f030x8.o
       122         18          0          4          0       3503   stm32f0xx_hal.o
       144         24          0          0          0       8805   stm32f0xx_hal_cortex.o
        72          0          0          0          0       1067   stm32f0xx_hal_dma.o
       350         26          0          0          0       2795   stm32f0xx_hal_gpio.o
       220         20          0          0          0       1569   stm32f0xx_hal_msp.o
      1316         94          0          0          0       4901   stm32f0xx_hal_rcc.o
       232         14          0          0          0       1328   stm32f0xx_hal_rcc_ex.o
      1646         32          0          0          0      11465   stm32f0xx_hal_uart.o
        48         12          0          0          0       2867   stm32f0xx_it.o
        92         14         24          4          0       1087   system_stm32f0xx.o

    ----------------------------------------------------------------------
      6218        504        236         72       2000     286896   Object Totals
         0          0         32          0          0          0   (incl. Generated)
        16          0          0          0          0          0   (incl. Padding)

    ----------------------------------------------------------------------

      Code (inc. data)   RO Data    RW Data    ZI Data      Debug   Library Member Name

         8          0          0          0          0         68   __main.o
         0          0          0          0          0          0   __rtentry.o
        12          0          0          0          0          0   __rtentry2.o
         6          0          0          0          0          0   __rtentry4.o
        60          8          0          0          0          0   __scatter.o
        26          0          0          0          0          0   __scatter_copy.o
        28          0          0          0          0          0   __scatter_zi.o
        22          0          0          0          0         92   _rserrno.o
       346          0          0          0          0         92   aeabi_sdiv.o
        16          0          0          0          0         68   exit.o
         6          0          0          0          0        136   heapauxi.o
         0          0          0          0          0          0   indicate_semi.o
         2          0          0          0          0          0   libinit.o
         2          0          0          0          0          0   libinit2.o
         2          0          0          0          0          0   libshutdown.o
         2          0          0          0          0          0   libshutdown2.o
         8          4          0          0         96         68   libspace.o
         8          4          0          0          0         68   rt_errno_addr_intlibspace.o
        64          0          0          0          0        108   rt_memclr.o
         2          0          0          0          0          0   rtexit.o
        10          0          0          0          0          0   rtexit2.o
        12          4          0          0          0         60   sys_exit.o
        62          0          0          0          0         80   sys_stackheap_outer.o
         2          0          0          0          0         68   use_no_semi.o
        46          0          0          0          0         60   cmpret.o
       124          4          0          0          0         72   d2f.o
       856         20          0          0          0        208   daddsub.o
       144          4          0          0          0         76   dcmpin.o
      1096         26        128          0          0        112   ddiv.o
       100          4          0          0          0         92   deqf.o
        88          0          0          0          0         92   dflti.o
       584         26          0          0          0         84   dmul.o
        20          6          0          0          0         68   dnan2.o
       104          4          0          0          0        104   drlef.o
        96         12          0          0          0         72   dscalbn.o
       256          8          0          0          0         76   dsqrt.o
        84          4          0          0          0         60   f2d.o
       352         10         64          0          0         92   fdiv.o
        76          0          0          0          0         68   ffixi.o
        48          0          0          0          0         60   ffixui.o
        94          0          0          0          0         92   fflti.o
       176          4          0          0          0         80   fmul.o
        94          0          0          0          0         68   retnan.o
         0          0          0          0          0          0   usenofp.o
        94         14          0          0          0        408   dunder.o
        44          4          0          0          0         60   fpclassify.o
       852         62         56          0          0        136   log.o
       172          0          0          0          0         76   poly.o
      2556        196        136          0          0        240   pow.o
         0          0          8          0          0          0   qnan.o
        72          6          0          0          0         76   sqrt.o

    ----------------------------------------------------------------------
      8942        434        396          0         96       3540   Library Totals
         8          0          4          0          0          0   (incl. Padding)

    ----------------------------------------------------------------------

      Code (inc. data)   RO Data    RW Data    ZI Data      Debug   Library Name

       706         20          0          0         96        908   c_p.l
      4438        132        192          0          0       1636   fz_ps.l
      3790        282        200          0          0        996   m_ps.l

    ----------------------------------------------------------------------
      8942        434        396          0         96       3540   Library Totals

    ----------------------------------------------------------------------

==============================================================================


      Code (inc. data)   RO Data    RW Data    ZI Data      Debug   

     15160        938        632         72       2096     286212   Grand Totals
     15160        938        632         72       2096     286212   ELF Image Totals
     15160        938        632         72          0          0   ROM Totals

==============================================================================

    Total RO  Size (Code + RO Data)                15792 (  15.42kB)
    Total RW  Size (RW Data + ZI Data)              2168 (   2.12kB)
    Total ROM Size (Code + RO Data + RW Data)      15864 (  15.49kB)

==============================================================================

